Component: ARM Compiler 5.06 update 1 (build 61) Tool: armlink [4d35a8]

==============================================================================

Section Cross References

    kalmanfiltertest.o(text) refers to mydata.o(myData) for datai
    kalmanfiltertest.o(text) refers to kalmanfilter_asm.o(text) for kalmanFilter_asm
    kalmanfilter.o(.text) refers to _fe_test.o(.text) for fetestexcept
    kalmanfilter.o(.text) refers to f2d.o(x$fpl$f2d) for __aeabi_f2d
    kalmanfilter.o(.text) refers to sqrt_full.o(i.__hardfp_sqrt) for __hardfp_sqrt
    kalmanfilter.o(.text) refers to d2f_clz.o(x$fpl$d2f) for __aeabi_d2f
    main.o(.text) refers to _printf_percent.o(.ARM.Collect$$_printf_percent$$00000000) for _printf_percent
    main.o(.text) refers to _printf_d.o(.ARM.Collect$$_printf_percent$$00000009) for _printf_d
    main.o(.text) refers to _printf_dec.o(.text) for _printf_int_dec
    main.o(.text) refers to _printf_f.o(.ARM.Collect$$_printf_percent$$00000003) for _printf_f
    main.o(.text) refers to printf1.o(x$fpl$printf1) for _printf_fp_dec
    main.o(.text) refers to rt_memcpy_w.o(.text) for __aeabi_memcpy4
    main.o(.text) refers to kalmanfilter.o(.text) for Kalmanfilter_C
    main.o(.text) refers to noretval__2printf.o(.text) for __2printf
    main.o(.text) refers to arm_sub_f32.o(.text) for arm_sub_f32
    main.o(.text) refers to f2d.o(x$fpl$f2d) for __aeabi_f2d
    main.o(.text) refers to arm_std_f32.o(.text) for arm_std_f32
    main.o(.text) refers to arm_mean_f32.o(.text) for arm_mean_f32
    main.o(.text) refers to arm_correlate_f32.o(.text) for arm_correlate_f32
    main.o(.text) refers to arm_conv_f32.o(.text) for arm_conv_f32
    main.o(.text) refers to main.o(.constdata) for .constdata
    main.o(.text) refers to main.o(.conststring) for .conststring
    startup_stm32f407xx.o(STACK) refers (Special) to heapauxi.o(.text) for __use_two_region_memory
    startup_stm32f407xx.o(HEAP) refers (Special) to heapauxi.o(.text) for __use_two_region_memory
    startup_stm32f407xx.o(RESET) refers (Special) to heapauxi.o(.text) for __use_two_region_memory
    startup_stm32f407xx.o(RESET) refers to startup_stm32f407xx.o(STACK) for __initial_sp
    startup_stm32f407xx.o(RESET) refers to startup_stm32f407xx.o(.text) for Reset_Handler
    startup_stm32f407xx.o(.text) refers (Special) to heapauxi.o(.text) for __use_two_region_memory
    startup_stm32f407xx.o(.text) refers to main.o(.text) for main
    startup_stm32f407xx.o(.text) refers to startup_stm32f407xx.o(HEAP) for Heap_Mem
    startup_stm32f407xx.o(.text) refers to startup_stm32f407xx.o(STACK) for Stack_Mem
    system_stm32f4xx.o(.text) refers to system_stm32f4xx.o(.data) for SystemCoreClock
    system_stm32f4xx.o(.text) refers to system_stm32f4xx.o(.constdata) for AHBPrescTable
    _fe_test.o(.text) refers to istatus.o(x$fpl$ieeestatus) for __ieee_status
    __2printf.o(.text) refers to _printf_char_file.o(.text) for _printf_char_file
    __2printf.o(.text) refers to stdio_streams.o(.bss) for __stdout
    noretval__2printf.o(.text) refers to _printf_char_file.o(.text) for _printf_char_file
    noretval__2printf.o(.text) refers to stdio_streams.o(.bss) for __stdout
    __printf.o(.text) refers to _printf_percent.o(.ARM.Collect$$_printf_percent$$00000000) for _printf_percent
    _printf_dec.o(.text) refers to _printf_intcommon.o(.text) for _printf_int_common
    __printf_flags.o(.text) refers to _printf_percent.o(.ARM.Collect$$_printf_percent$$00000000) for _printf_percent
    __printf_flags.o(.text) refers to __printf_flags.o(.constdata) for .constdata
    __printf_ss.o(.text) refers to _printf_percent.o(.ARM.Collect$$_printf_percent$$00000000) for _printf_percent
    __printf_flags_ss.o(.text) refers to _printf_percent.o(.ARM.Collect$$_printf_percent$$00000000) for _printf_percent
    __printf_flags_ss.o(.text) refers to __printf_flags_ss.o(.constdata) for .constdata
    __printf_wp.o(.text) refers to __printf_wp.o(i._is_digit) for _is_digit
    __printf_wp.o(.text) refers to _printf_percent.o(.ARM.Collect$$_printf_percent$$00000000) for _printf_percent
    __printf_flags_wp.o(.text) refers to __printf_wp.o(i._is_digit) for _is_digit
    __printf_flags_wp.o(.text) refers to _printf_percent.o(.ARM.Collect$$_printf_percent$$00000000) for _printf_percent
    __printf_flags_wp.o(.text) refers to __printf_flags_wp.o(.constdata) for .constdata
    __printf_ss_wp.o(.text) refers to __printf_wp.o(i._is_digit) for _is_digit
    __printf_ss_wp.o(.text) refers to _printf_percent.o(.ARM.Collect$$_printf_percent$$00000000) for _printf_percent
    __printf_flags_ss_wp.o(.text) refers to __printf_wp.o(i._is_digit) for _is_digit
    __printf_flags_ss_wp.o(.text) refers to _printf_percent.o(.ARM.Collect$$_printf_percent$$00000000) for _printf_percent
    __printf_flags_ss_wp.o(.text) refers to __printf_flags_ss_wp.o(.constdata) for .constdata
[...]
    ../clib/heapalloc.c                      0x00000000   Number         0  init_alloc.o ABSOLUTE
    ../clib/heapalloc.c                      0x00000000   Number         0  hguard.o ABSOLUTE
    ../clib/heapalloc.c                      0x00000000   Number         0  free.o ABSOLUTE
    ../clib/heapaux.c                        0x00000000   Number         0  heapauxi.o ABSOLUTE
    ../clib/heapaux.c                        0x00000000   Number         0  heapauxa.o ABSOLUTE
    ../clib/libinit.s                        0x00000000   Number         0  libinit2.o ABSOLUTE
    ../clib/libinit.s                        0x00000000   Number         0  libshutdown2.o ABSOLUTE
    ../clib/libinit.s                        0x00000000   Number         0  libinit.o ABSOLUTE
    ../clib/libinit.s                        0x00000000   Number         0  libshutdown.o ABSOLUTE
    ../clib/locale.s                         0x00000000   Number         0  lc_numeric_c.o ABSOLUTE
    ../clib/longlong.s                       0x00000000   Number         0  lludiv10.o ABSOLUTE
    ../clib/memcpset.s                       0x00000000   Number         0  strcmpv7m.o ABSOLUTE
    ../clib/memcpset.s                       0x00000000   Number         0  rt_memcpy_w.o ABSOLUTE
    ../clib/memcpset.s                       0x00000000   Number         0  rt_memclr_w.o ABSOLUTE
    ../clib/printf.c                         0x00000000   Number         0  __printf_flags_wp.o ABSOLUTE
    ../clib/printf.c                         0x00000000   Number         0  __printf_wp.o ABSOLUTE
    ../clib/printf.c                         0x00000000   Number         0  __printf_flags_ss.o ABSOLUTE
    ../clib/printf.c                         0x00000000   Number         0  _printf_dec.o ABSOLUTE
    ../clib/printf.c                         0x00000000   Number         0  __printf_flags_ss_wp.o ABSOLUTE
    ../clib/printf.c                         0x00000000   Number         0  noretval__2printf.o ABSOLUTE
    ../clib/printf.c                         0x00000000   Number         0  __printf_ss.o ABSOLUTE
    ../clib/printf.c                         0x00000000   Number         0  __printf_flags.o ABSOLUTE
    ../clib/printf.c                         0x00000000   Number         0  __printf_nopercent.o ABSOLUTE
    ../clib/printf.c                         0x00000000   Number         0  __printf.o ABSOLUTE
    ../clib/printf.c                         0x00000000   Number         0  __2printf.o ABSOLUTE
    ../clib/printf.c                         0x00000000   Number         0  _printf_intcommon.o ABSOLUTE
    ../clib/printf.c                         0x00000000   Number         0  _printf_fp_dec.o ABSOLUTE
    ../clib/printf.c                         0x00000000   Number         0  _printf_char_file.o ABSOLUTE
    ../clib/printf.c                         0x00000000   Number         0  _printf_char_common.o ABSOLUTE
    ../clib/printf.c                         0x00000000   Number         0  __printf_ss_wp.o ABSOLUTE
    ../clib/printf.c                         0x00000000   Number         0  _printf_fp_infnan.o ABSOLUTE
    ../clib/printf_percent.s                 0x00000000   Number         0  _printf_d.o ABSOLUTE
    ../clib/printf_percent.s                 0x00000000   Number         0  _printf_percent.o ABSOLUTE
    ../clib/printf_percent.s                 0x00000000   Number         0  _printf_f.o ABSOLUTE
    ../clib/printf_percent.s                 0x00000000   Number         0  _printf_percent_end.o ABSOLUTE
    ../clib/signal.c                         0x00000000   Number         0  defsig_rtred_formal.o ABSOLUTE
    ../clib/signal.c                         0x00000000   Number         0  defsig_fpe_inner.o ABSOLUTE
    ../clib/signal.c                         0x00000000   Number         0  defsig_fpe_formal.o ABSOLUTE
    ../clib/signal.c                         0x00000000   Number         0  defsig_rtred_outer.o ABSOLUTE
    ../clib/signal.c                         0x00000000   Number         0  defsig_rtmem_outer.o ABSOLUTE
    ../clib/signal.c                         0x00000000   Number         0  defsig_rtmem_inner.o ABSOLUTE
    ../clib/signal.c                         0x00000000   Number         0  __raise.o ABSOLUTE
    ../clib/signal.c                         0x00000000   Number         0  defsig_general.o ABSOLUTE
    ../clib/signal.c                         0x00000000   Number         0  defsig_rtmem_formal.o ABSOLUTE
    ../clib/signal.c                         0x00000000   Number         0  defsig_fpe_outer.o ABSOLUTE
    ../clib/signal.c                         0x00000000   Number         0  defsig_exit.o ABSOLUTE
    ../clib/signal.c                         0x00000000   Number         0  defsig_abrt_inner.o ABSOLUTE
    ../clib/signal.c                         0x00000000   Number         0  defsig_stak_inner.o ABSOLUTE
    ../clib/signal.c                         0x00000000   Number         0  defsig_pvfn_inner.o ABSOLUTE
    ../clib/signal.c                         0x00000000   Number         0  defsig_cppl_inner.o ABSOLUTE
    ../clib/signal.c                         0x00000000   Number         0  defsig_segv_inner.o ABSOLUTE
    ../clib/signal.c                         0x00000000   Number         0  defsig_other.o ABSOLUTE
    ../clib/signal.c                         0x00000000   Number         0  defsig_rtred_inner.o ABSOLUTE
    ../clib/signal.s                         0x00000000   Number         0  defsig.o ABSOLUTE
    ../clib/stdio.c                          0x00000000   Number         0  stdio_streams.o ABSOLUTE
    ../clib/stdio.c                          0x00000000   Number         0  ftell.o ABSOLUTE
    ../clib/stdio.c                          0x00000000   Number         0  fopen.o ABSOLUTE
    ../clib/stdio.c                          0x00000000   Number         0  ferror.o ABSOLUTE
    ../clib/stdio.c                          0x00000000   Number         0  fclose.o ABSOLUTE
    ../clib/stdio.c                          0x00000000   Number         0  initio.o ABSOLUTE
    ../clib/stdio.c                          0x00000000   Number         0  setvbuf_locked.o ABSOLUTE
    ../clib/stdio.c                          0x00000000   Number         0  setvbuf.o ABSOLUTE
    ../clib/stdio.c                          0x00000000   Number         0  initio_locked.o ABSOLUTE
    ../clib/stdio.c                          0x00000000   Number         0  fopen_locked.o ABSOLUTE
    ../clib/stdio.c                          0x00000000   Number         0  stdio.o ABSOLUTE
    ../clib/stdio.c                          0x00000000   Number         0  fseek.o ABSOLUTE
    ../clib/stdio.c                          0x00000000   Number         0  ferror_locked.o ABSOLUTE
    ../clib/stdio.c                          0x00000000   Number         0  streamlock.o ABSOLUTE
    ../clib/stdlib.c                         0x00000000   Number         0  exit.o ABSOLUTE
    ../clib/string.c                         0x00000000   Number         0  strlen.o ABSOLUTE
    ../fplib/d2f.s                           0x00000000   Number         0  d2f_clz.o ABSOLUTE
    ../fplib/dcmpi.s                         0x00000000   Number         0  dcmpi.o ABSOLUTE
    ../fplib/dflt.s                          0x00000000   Number         0  dflt_clz.o ABSOLUTE
    ../fplib/dleqf.s                         0x00000000   Number         0  dleqf.o ABSOLUTE
    ../fplib/dnaninf.s                       0x00000000   Number         0  dnaninf.o ABSOLUTE
    ../fplib/drenorm.s                       0x00000000   Number         0  drenorm_clz.o ABSOLUTE
    ../fplib/dretinf.s                       0x00000000   Number         0  dretinf.o ABSOLUTE
    ../fplib/dsqrt.s                         0x00000000   Number         0  dsqrt_umaalclz.o ABSOLUTE
    ../fplib/dunder.s                        0x00000000   Number         0  dunder_clz.o ABSOLUTE
    ../fplib/except.s                        0x00000000   Number         0  except.o ABSOLUTE
    ../fplib/f2d.s                           0x00000000   Number         0  f2d.o ABSOLUTE
    ../fplib/fnaninf.s                       0x00000000   Number         0  fnaninf.o ABSOLUTE
    ../fplib/fpinit.s                        0x00000000   Number         0  fpinit.o ABSOLUTE
    ../fplib/fretinf.s                       0x00000000   Number         0  fretinf.o ABSOLUTE
    ../fplib/funder.s                        0x00000000   Number         0  funder_clz.o ABSOLUTE
    ../fplib/istatus.s                       0x00000000   Number         0  istatus.o ABSOLUTE
    ../fplib/printf1.s                       0x00000000   Number         0  printf1.o ABSOLUTE
    ../fplib/retnan.s                        0x00000000   Number         0  retnan.o ABSOLUTE
    ../fplib/trapv.s                         0x00000000   Number         0  trapv.o ABSOLUTE
    ../fplib/usenofp.s                       0x00000000   Number         0  usenofp.o ABSOLUTE
    ../mathlib/fpclassify.c                  0x00000000   Number         0  fpclassify.o ABSOLUTE
    ../mathlib/sqrt.c                        0x00000000   Number         0  sqrt_full.o ABSOLUTE
    ../mathlib/sqrt.c                        0x00000000   Number         0  sqrt_full_x.o ABSOLUTE
    ..\BasicMathFunctions\arm_sub_f32.c      0x00000000   Number         0  arm_sub_f32.o ABSOLUTE
    ..\FilteringFunctions\arm_conv_f32.c     0x00000000   Number         0  arm_conv_f32.o ABSOLUTE
    ..\FilteringFunctions\arm_correlate_f32.c 0x00000000   Number         0  arm_correlate_f32.o ABSOLUTE
    ..\StatisticsFunctions\arm_mean_f32.c    0x00000000   Number         0  arm_mean_f32.o ABSOLUTE
    ..\StatisticsFunctions\arm_std_f32.c     0x00000000   Number         0  arm_std_f32.o ABSOLUTE
    ..\\BasicMathFunctions\\arm_sub_f32.c    0x00000000   Number         0  arm_sub_f32.o ABSOLUTE
    ..\\FilteringFunctions\\arm_conv_f32.c   0x00000000   Number         0  arm_conv_f32.o ABSOLUTE
    ..\\FilteringFunctions\\arm_correlate_f32.c 0x00000000   Number         0  arm_correlate_f32.o ABSOLUTE
    ..\\StatisticsFunctions\\arm_mean_f32.c  0x00000000   Number         0  arm_mean_f32.o ABSOLUTE
    ..\\StatisticsFunctions\\arm_std_f32.c   0x00000000   Number         0  arm_std_f32.o ABSOLUTE
    KalmanFilter.c                           0x00000000   Number         0  kalmanfilter.o ABSOLUTE
    RTE\Device\STM32F407VGTx\startup_stm32f407xx.s 0x00000000   Number         0  startup_stm32f407xx.o ABSOLUTE
    RTE\Device\STM32F407VGTx\system_stm32f4xx.c 0x00000000   Number         0  system_stm32f4xx.o ABSOLUTE
    RTE\\Device\\STM32F407VGTx\\system_stm32f4xx.c 0x00000000   Number         0  system_stm32f4xx.o ABSOLUTE
    Sources\\fput_debug.c                    0x00000000   Number         0  fput_debug.o ABSOLUTE
    Sources\fput_debug.c                     0x00000000   Number         0  fput_debug.o ABSOLUTE
    dc.s                                     0x00000000   Number         0  dc.o ABSOLUTE
    kalmanFilterTest.s                       0x00000000   Number         0  kalmanfiltertest.o ABSOLUTE
    kalmanfilter_asm.s                       0x00000000   Number         0  kalmanfilter_asm.o ABSOLUTE
    main.c                                   0x00000000   Number         0  main.o ABSOLUTE
    main.c                                   0x00000000   Number         0  main.o ABSOLUTE
    myData.s                                 0x00000000   Number         0  mydata.o ABSOLUTE
    RESET                                    0x08000000   Section      392  startup_stm32f407xx.o(RESET)
    !!!main                                  0x08000188   Section        8  __main.o(!!!main)
    !!!scatter                               0x08000190   Section       52  __scatter.o(!!!scatter)
    !!handler_copy                           0x080001c4   Section       26  __scatter_copy.o(!!handler_copy)
    !!handler_zi                             0x080001e0   Section       28  __scatter_zi.o(!!handler_zi)
    .ARM.Collect$$_printf_percent$$00000000  0x080001fc   Section        0  _printf_percent.o(.ARM.Collect$$_printf_percent$$00000000)
    .ARM.Collect$$_printf_percent$$00000003  0x080001fc   Section        6  _printf_f.o(.ARM.Collect$$_printf_percent$$00000003)
    .ARM.Collect$$_printf_percent$$00000009  0x08000202   Section        6  _printf_d.o(.ARM.Collect$$_printf_percent$$00000009)
    .ARM.Collect$$_printf_percent$$00000017  0x08000208   Section        4  _printf_percent_end.o(.ARM.Collect$$_printf_percent$$00000017)
    .ARM.Collect$$libinit$$00000000          0x0800020c   Section        2  libinit.o(.ARM.Collect$$libinit$$00000000)
    .ARM.Collect$$libinit$$00000001          0x0800020e   Section        4  libinit2.o(.ARM.Collect$$libinit$$00000001)
    .ARM.Collect$$libinit$$00000004          0x08000212   Section        0  libinit2.o(.ARM.Collect$$libinit$$00000004)
    .ARM.Collect$$libinit$$00000005          0x08000212   Section        8  libinit2.o(.ARM.Collect$$libinit$$00000005)
    .ARM.Collect$$libinit$$0000000A          0x0800021a   Section        0  libinit2.o(.ARM.Collect$$libinit$$0000000A)
    .ARM.Collect$$libinit$$0000000C          0x0800021a   Section        0  libinit2.o(.ARM.Collect$$libinit$$0000000C)
    .ARM.Collect$$libinit$$0000000E          0x0800021a   Section        0  libinit2.o(.ARM.Collect$$libinit$$0000000E)
    .ARM.Collect$$libinit$$0000000F          0x0800021a   Section        6  libinit2.o(.ARM.Collect$$libinit$$0000000F)
    .ARM.Collect$$libinit$$00000011          0x08000220   Section        0  libinit2.o(.ARM.Collect$$libinit$$00000011)
    .ARM.Collect$$libinit$$00000013          0x08000220   Section        0  libinit2.o(.ARM.Collect$$libinit$$00000013)
    .ARM.Collect$$libinit$$00000015          0x08000220   Section        0  libinit2.o(.ARM.Collect$$libinit$$00000015)
    .ARM.Collect$$libinit$$00000016          0x08000220   Section       10  libinit2.o(.ARM.Collect$$libinit$$00000016)
    .ARM.Collect$$libinit$$00000017          0x0800022a   Section        0  libinit2.o(.ARM.Collect$$libinit$$00000017)
    .ARM.Collect$$libinit$$00000019          0x0800022a   Section        0  libinit2.o(.ARM.Collect$$libinit$$00000019)
    .ARM.Collect$$libinit$$0000001B          0x0800022a   Section        0  libinit2.o(.ARM.Collect$$libinit$$0000001B)
    .ARM.Collect$$libinit$$0000001D          0x0800022a   Section        0  libinit2.o(.ARM.Collect$$libinit$$0000001D)
    .ARM.Collect$$libinit$$0000001F          0x0800022a   Section        0  libinit2.o(.ARM.Collect$$libinit$$0000001F)
    .ARM.Collect$$libinit$$00000021          0x0800022a   Section        0  libinit2.o(.ARM.Collect$$libinit$$00000021)
    .ARM.Collect$$libinit$$00000023          0x0800022a   Section        0  libinit2.o(.ARM.Collect$$libinit$$00000023)
    .ARM.Collect$$libinit$$00000024          0x0800022a   Section        4  libinit2.o(.ARM.Collect$$libinit$$00000024)
    .ARM.Collect$$libinit$$00000025          0x0800022e   Section        0  libinit2.o(.ARM.Collect$$libinit$$00000025)
    .ARM.Collect$$libinit$$0000002C          0x0800022e   Section        0  libinit2.o(.ARM.Collect$$libinit$$0000002C)
    .ARM.Collect$$libinit$$0000002E          0x0800022e   Section        0  libinit2.o(.ARM.Collect$$libinit$$0000002E)
    .ARM.Collect$$libinit$$00000030          0x0800022e   Section        0  libinit2.o(.ARM.Collect$$libinit$$00000030)
    .ARM.Collect$$libinit$$00000032          0x0800022e   Section        0  libinit2.o(.ARM.Collect$$libinit$$00000032)
    .ARM.Collect$$libinit$$00000033          0x0800022e   Section        2  libinit2.o(.ARM.Collect$$libinit$$00000033)
    .ARM.Collect$$libshutdown$$00000000      0x08000230   Section        2  libshutdown.o(.ARM.Collect$$libshutdown$$00000000)
    .ARM.Collect$$libshutdown$$00000002      0x08000232   Section        0  libshutdown2.o(.ARM.Collect$$libshutdown$$00000002)
    .ARM.Collect$$libshutdown$$00000003      0x08000232   Section        4  libshutdown2.o(.ARM.Collect$$libshutdown$$00000003)
    .ARM.Collect$$libshutdown$$00000004      0x08000236   Section        0  libshutdown2.o(.ARM.Collect$$libshutdown$$00000004)
    .ARM.Collect$$libshutdown$$00000007      0x08000236   Section        0  libshutdown2.o(.ARM.Collect$$libshutdown$$00000007)
    .ARM.Collect$$libshutdown$$0000000A      0x08000236   Section        0  libshutdown2.o(.ARM.Collect$$libshutdown$$0000000A)
    .ARM.Collect$$libshutdown$$0000000C      0x08000236   Section        0  libshutdown2.o(.ARM.Collect$$libshutdown$$0000000C)
    .ARM.Collect$$libshutdown$$0000000F      0x08000236   Section        0  libshutdown2.o(.ARM.Collect$$libshutdown$$0000000F)
    .ARM.Collect$$libshutdown$$00000010      0x08000236   Section        2  libshutdown2.o(.ARM.Collect$$libshutdown$$00000010)
    .ARM.Collect$$rtentry$$00000000          0x08000238   Section        0  __rtentry.o(.ARM.Collect$$rtentry$$00000000)
    .ARM.Collect$$rtentry$$00000002          0x08000238   Section        0  __rtentry2.o(.ARM.Collect$$rtentry$$00000002)
    .ARM.Collect$$rtentry$$00000004          0x08000238   Section        6  __rtentry4.o(.ARM.Collect$$rtentry$$00000004)
    .ARM.Collect$$rtentry$$00000009          0x0800023e   Section        0  __rtentry2.o(.ARM.Collect$$rtentry$$00000009)
    .ARM.Collect$$rtentry$$0000000A          0x0800023e   Section        4  __rtentry2.o(.ARM.Collect$$rtentry$$0000000A)
    .ARM.Collect$$rtentry$$0000000C          0x08000242   Section        0  __rtentry2.o(.ARM.Collect$$rtentry$$0000000C)
    .ARM.Collect$$rtentry$$0000000D          0x08000242   Section        8  __rtentry2.o(.ARM.Collect$$rtentry$$0000000D)
    .ARM.Collect$$rtexit$$00000000           0x0800024a   Section        2  rtexit.o(.ARM.Collect$$rtexit$$00000000)
    .ARM.Collect$$rtexit$$00000002           0x0800024c   Section        0  rtexit2.o(.ARM.Collect$$rtexit$$00000002)
    .ARM.Collect$$rtexit$$00000003           0x0800024c   Section        4  rtexit2.o(.ARM.Collect$$rtexit$$00000003)
    .ARM.Collect$$rtexit$$00000004           0x08000250   Section        6  rtexit2.o(.ARM.Collect$$rtexit$$00000004)
    .emb_text                                0x08000258   Section        0  maybetermalloc1.o(.emb_text)
    .text                                    0x08000258   Section        0  fput_debug.o(.text)
    .text                                    0x08000290   Section        0  kalmanfilter.o(.text)
    .text                                    0x080004c4   Section        0  main.o(.text)
    .text                                    0x080007b0   Section       84  startup_stm32f407xx.o(.text)
    $v0                                      0x080007b0   Number         0  startup_stm32f407xx.o(.text)
    .text                                    0x08000804   Section        0  arm_sub_f32.o(.text)
    .text                                    0x080008d8   Section        0  arm_conv_f32.o(.text)
    .text                                    0x08000e48   Section        0  arm_correlate_f32.o(.text)
    .text                                    0x080013d4   Section        0  arm_mean_f32.o(.text)
    .text                                    0x08001464   Section        0  arm_std_f32.o(.text)
    .text                                    0x08001598   Section        0  _fe_test.o(.text)
    .text                                    0x080015ac   Section        0  noretval__2printf.o(.text)
    .text                                    0x080015c4   Section        0  __printf.o(.text)
    .text                                    0x0800162c   Section        0  _printf_dec.o(.text)
    .text                                    0x080016a4   Section      100  rt_memcpy_w.o(.text)
    .text                                    0x08001708   Section        0  heapauxi.o(.text)
    .text                                    0x0800170e   Section        0  _rserrno.o(.text)
    .text                                    0x08001724   Section        0  _printf_intcommon.o(.text)
    .text                                    0x080017d6   Section        0  _printf_fp_dec.o(.text)
    _fp_digits                               0x080017d9   Thumb Code   428  _printf_fp_dec.o(.text)
    .text                                    0x08001bf0   Section        0  _printf_char_file.o(.text)
    .text                                    0x08001c14   Section        8  rt_locale_intlibspace.o(.text)
    .text                                    0x08001c1c   Section        8  rt_errno_addr_intlibspace.o(.text)
    .text                                    0x08001c24   Section      138  lludiv10.o(.text)
    .text                                    0x08001cb0   Section        0  _fptrap.o(.text)
    .text                                    0x08001ce0   Section        0  _printf_char_common.o(.text)
    _printf_input_char                       0x08001ce1   Thumb Code    10  _printf_char_common.o(.text)
    .text                                    0x08001d10   Section        0  _printf_fp_infnan.o(.text)
    .text                                    0x08001d90   Section        0  bigflt0.o(.text)
    .text                                    0x08001e6c   Section        0  ferror.o(.text)
    .text                                    0x08001e74   Section        0  initio.o(.text)
    .text                                    0x08001fac   Section        0  sys_io.o(.text)
    .text                                    0x08002014   Section        8  libspace.o(.text)
    .text                                    0x0800201c   Section       74  sys_stackheap_outer.o(.text)
    .text                                    0x08002066   Section        0  h1_free.o(.text)
    .text                                    0x080020b4   Section        0  setvbuf.o(.text)
    .text                                    0x080020fc   Section        0  fopen.o(.text)
    _freopen_locked                          0x080020fd   Thumb Code     0  fopen.o(.text)
    .text                                    0x080021e8   Section        0  fclose.o(.text)
    .text                                    0x08002234   Section        0  exit.o(.text)
    .text                                    0x08002246   Section        0  defsig_fpe_outer.o(.text)
    .text                                    0x08002254   Section        0  defsig_rtred_outer.o(.text)
    .text                                    0x08002262   Section       78  rt_memclr_w.o(.text)
    .text                                    0x080022b0   Section      128  strcmpv7m.o(.text)
    .text                                    0x08002330   Section        2  use_no_semi.o(.text)
    .text                                    0x08002332   Section        0  indicate_semi.o(.text)
    .text                                    0x08002334   Section        8  rt_heap_descriptor_intlibspace.o(.text)
    .text                                    0x0800233c   Section        0  hguard.o(.text)
    .text                                    0x08002340   Section        0  init_alloc.o(.text)
    .text                                    0x080023ca   Section        0  h1_alloc.o(.text)
    .text                                    0x08002428   Section        0  fseek.o(.text)
    .text                                    0x08002520   Section        0  stdio.o(.text)
    .text                                    0x08002610   Section        0  defsig_exit.o(.text)
    .text                                    0x0800261c   Section        0  defsig_fpe_inner.o(.text)
    .text                                    0x080026c8   Section        0  defsig_rtred_inner.o(.text)
    .text                                    0x080026fc   Section        0  strlen.o(.text)
    .text                                    0x0800273c   Section        0  sys_exit.o(.text)
    .text                                    0x08002748   Section        0  h1_init.o(.text)
    .text                                    0x08002756   Section        0  h1_extend.o(.text)
    .text                                    0x0800278a   Section        0  ftell.o(.text)
    .text                                    0x080027cc   Section        0  defsig_general.o(.text)
    .text                                    0x080027fe   Section        0  defsig_rtmem_outer.o(.text)
    .text                                    0x0800280c   Section        0  sys_wrch.o(.text)
    .text                                    0x0800281c   Section        0  defsig_rtmem_inner.o(.text)
    CL$$btod_d2e                             0x0800286c   Section       62  btod.o(CL$$btod_d2e)
    CL$$btod_d2e_denorm_low                  0x080028aa   Section       70  btod.o(CL$$btod_d2e_denorm_low)
    CL$$btod_d2e_norm_op1                    0x080028f0   Section       96  btod.o(CL$$btod_d2e_norm_op1)
    CL$$btod_div_common                      0x08002950   Section      824  btod.o(CL$$btod_div_common)
    CL$$btod_e2e                             0x08002c88   Section      198  btod.o(CL$$btod_e2e)
    CL$$btod_ediv                            0x08002d4e   Section       40  btod.o(CL$$btod_ediv)
    CL$$btod_emul                            0x08002d76   Section       40  btod.o(CL$$btod_emul)
    CL$$btod_mult_common                     0x08002d9e   Section      580  btod.o(CL$$btod_mult_common)
    i.__ARM_fpclassify                       0x08002fe2   Section        0  fpclassify.o(i.__ARM_fpclassify)
    i.__hardfp_sqrt                          0x08003012   Section        0  sqrt_full.o(i.__hardfp_sqrt)
    locale$$code                             0x0800308c   Section       44  lc_numeric_c.o(locale$$code)
    x$fpl$d2f                                0x080030b8   Section      708  d2f_clz.o(x$fpl$d2f)
    $v0                                      0x080030b8   Number         0  d2f_clz.o(x$fpl$d2f)
    x$fpl$dfltn                              0x0800337c   Section       26  dflt_clz.o(x$fpl$dfltn)
    $v0                                      0x0800337c   Number         0  dflt_clz.o(x$fpl$dfltn)
    x$fpl$dnaninf                            0x08003396   Section      258  dnaninf.o(x$fpl$dnaninf)
    $v0                                      0x08003396   Number         0  dnaninf.o(x$fpl$dnaninf)
    x$fpl$drenorm                            0x08003498   Section      112  drenorm_clz.o(x$fpl$drenorm)
    $v0                                      0x08003498   Number         0  drenorm_clz.o(x$fpl$drenorm)
    x$fpl$dretinf                            0x08003508   Section       12  dretinf.o(x$fpl$dretinf)
    $v0                                      0x08003508   Number         0  dretinf.o(x$fpl$dretinf)
    x$fpl$dsqrt                              0x08003514   Section      520  dsqrt_umaalclz.o(x$fpl$dsqrt)
    $v0                                      0x08003514   Number         0  dsqrt_umaalclz.o(x$fpl$dsqrt)
    x$fpl$dunder                             0x0800371c   Section      378  dunder_clz.o(x$fpl$dunder)
    $v0                                      0x0800371c   Number         0  dunder_clz.o(x$fpl$dunder)
    x$fpl$exception                          0x08003898   Section      492  except.o(x$fpl$exception)
    $v0                                      0x08003898   Number         0  except.o(x$fpl$exception)
    x$fpl$f2d                                0x08003a84   Section      122  f2d.o(x$fpl$f2d)
    $v0                                      0x08003a84   Number         0  f2d.o(x$fpl$f2d)
    x$fpl$fnaninf                            0x08003afe   Section      242  fnaninf.o(x$fpl$fnaninf)
    $v0                                      0x08003afe   Number         0  fnaninf.o(x$fpl$fnaninf)
    x$fpl$fpinit                             0x08003bf0   Section       10  fpinit.o(x$fpl$fpinit)
    $v0                                      0x08003bf0   Number         0  fpinit.o(x$fpl$fpinit)
    x$fpl$fretinf                            0x08003bfa   Section       10  fretinf.o(x$fpl$fretinf)
    $v0                                      0x08003bfa   Number         0  fretinf.o(x$fpl$fretinf)
    x$fpl$funder                             0x08003c04   Section      316  funder_clz.o(x$fpl$funder)
    $v0                                      0x08003c04   Number         0  funder_clz.o(x$fpl$funder)
    x$fpl$ieeestatus                         0x08003d40   Section       32  istatus.o(x$fpl$ieeestatus)
    $v0                                      0x08003d40   Number         0  istatus.o(x$fpl$ieeestatus)
    x$fpl$printf1                            0x08003d60   Section        4  printf1.o(x$fpl$printf1)
    $v0                                      0x08003d60   Number         0  printf1.o(x$fpl$printf1)
    x$fpl$retnan                             0x08003d64   Section      178  retnan.o(x$fpl$retnan)
    $v0                                      0x08003d64   Number         0  retnan.o(x$fpl$retnan)
    x$fpl$trapveneer                         0x08003e16   Section      126  trapv.o(x$fpl$trapveneer)
    $v0                                      0x08003e16   Number         0  trapv.o(x$fpl$trapveneer)
    .constdata                               0x08003e94   Section       40  main.o(.constdata)
    x$fpl$usenofp                            0x08003e94   Section        0  usenofp.o(x$fpl$usenofp)
    .constdata                               0x08003ebc   Section      148  bigflt0.o(.constdata)
    tenpwrs_x                                0x08003ebc   Data          60  bigflt0.o(.constdata)
    tenpwrs_i                                0x08003ef8   Data          64  bigflt0.o(.constdata)
    .constdata                               0x08003f50   Section        4  sys_io.o(.constdata)
    .constdata                               0x08003f54   Section        4  sys_io.o(.constdata)
    .constdata                               0x08003f58   Section        4  sys_io.o(.constdata)
    .conststring                             0x08003f5c   Section       81  main.o(.conststring)
    locale$$data                             0x08003fd0   Section       28  lc_numeric_c.o(locale$$data)
    __lcnum_c_name                           0x08003fd4   Data           2  lc_numeric_c.o(locale$$data)
    __lcnum_c_start                          0x08003fdc   Data           0  lc_numeric_c.o(locale$$data)
    __lcnum_c_point                          0x08003fe8   Data           0  lc_numeric_c.o(locale$$data)
    __lcnum_c_thousands                      0x08003fea   Data           0  lc_numeric_c.o(locale$$data)
    __lcnum_c_grouping                       0x08003feb   Data           0  lc_numeric_c.o(locale$$data)
    __lcnum_c_end                            0x08003fec   Data           0  lc_numeric_c.o(locale$$data)
    .data                                    0x20000000   Section        4  stdio_streams.o(.data)
    .data                                    0x20000004   Section        4  stdio_streams.o(.data)
    .data                                    0x20000008   Section        4  stdio_streams.o(.data)
    .bss                                     0x2000000c   Section       84  stdio_streams.o(.bss)
    .bss                                     0x20000060   Section       84  stdio_streams.o(.bss)
    .bss                                     0x200000b4   Section       84  stdio_streams.o(.bss)
    .bss                                     0x20000108   Section       96  libspace.o(.bss)
    HEAP                                     0x20000168   Section      512  startup_stm32f407xx.o(HEAP)
    Heap_Mem                                 0x20000168   Data         512  startup_stm32f407xx.o(HEAP)
    STACK                                    0x20000368   Section     1024  startup_stm32f407xx.o(STACK)
    Stack_Mem                                0x20000368   Data        1024  startup_stm32f407xx.o(STACK)
    __initial_sp                             0x20000768   Data           0  startup_stm32f407xx.o(STACK)

    Global Symbols

    Symbol Name                              Value     Ov Type        Size  Object(Section)

    BuildAttributes$$THM_ISAv4$E$P$D$K$B$S$7EM$VFPi3$EXTD16$VFPS$VFMA$PE$A:L22UL41UL21$X:L11$S22US41US21$IEEE1$IW$USESV6$~STKCKD$USESV7$~SHL$OTIME$ROPI$IEEEX$EBA8$UX$STANDARDLIB$REQ8$PRES8$EABIv2 0x00000000   Number         0  anon$$obj.o ABSOLUTE
    __ARM_use_no_argv                        0x00000000   Number         0  main.o ABSOLUTE
    __ARM_exceptions_init                     - Undefined Weak Reference
    __alloca_initialize                       - Undefined Weak Reference
    __arm_preinit_                            - Undefined Weak Reference
    __cpp_initialize__aeabi_                  - Undefined Weak Reference
    __cxa_finalize                            - Undefined Weak Reference
    __sigvec_lookup                           - Undefined Weak Reference
    __user_heap_extent                        - Undefined Weak Reference
    _atexit_init                              - Undefined Weak Reference
    _call_atexit_fns                          - Undefined Weak Reference
    _clock_init                               - Undefined Weak Reference
    _fp_trap_big                              - Undefined Weak Reference
    _fp_trap_init                             - Undefined Weak Reference
    _fp_trap_shutdown                         - Undefined Weak Reference
    _get_lc_collate                           - Undefined Weak Reference
    _get_lc_ctype                             - Undefined Weak Reference
    _get_lc_monetary                          - Undefined Weak Reference
    _get_lc_time                              - Undefined Weak Reference
    _getenv_init                              - Undefined Weak Reference
    _handle_redirection                       - Undefined Weak Reference
    _mutex_acquire                            - Undefined Weak Reference
    _mutex_free                               - Undefined Weak Reference
    _mutex_release                            - Undefined Weak Reference
    _printf_post_padding                      - Undefined Weak Reference
    _printf_pre_padding                       - Undefined Weak Reference
    _printf_truncate_signed                   - Undefined Weak Reference
    _printf_truncate_unsigned                 - Undefined Weak Reference
    _rand_init                                - Undefined Weak Reference
    _signal_finish                            - Undefined Weak Reference
    _signal_init                              - Undefined Weak Reference
    __Vectors_Size                           0x00000188   Number         0  startup_stm32f407xx.o ABSOLUTE
    __Vectors                                0x08000000   Data           4  startup_stm32f407xx.o(RESET)
    __Vectors_End                            0x08000188   Data           0  startup_stm32f407xx.o(RESET)
    __main                                   0x08000189   Thumb Code     8  __main.o(!!!main)
    __scatterload                            0x08000191   Thumb Code     0  __scatter.o(!!!scatter)
    __scatterload_rt2                        0x08000191   Thumb Code    44  __scatter.o(!!!scatter)
    __scatterload_rt2_thumb_only             0x08000191   Thumb Code     0  __scatter.o(!!!scatter)
    __scatterload_null                       0x0800019f   Thumb Code     0  __scatter.o(!!!scatter)
    __scatterload_copy                       0x080001c5   Thumb Code    26  __scatter_copy.o(!!handler_copy)
    __scatterload_zeroinit                   0x080001e1   Thumb Code    28  __scatter_zi.o(!!handler_zi)
    _printf_f                                0x080001fd   Thumb Code     0  _printf_f.o(.ARM.Collect$$_printf_percent$$00000003)
    _printf_percent                          0x080001fd   Thumb Code     0  _printf_percent.o(.ARM.Collect$$_printf_percent$$00000000)
    _printf_d                                0x08000203   Thumb Code     0  _printf_d.o(.ARM.Collect$$_printf_percent$$00000009)
    _printf_percent_end                      0x08000209   Thumb Code     0  _printf_percent_end.o(.ARM.Collect$$_printf_percent$$00000017)
    __rt_lib_init                            0x0800020d   Thumb Code     0  libinit.o(.ARM.Collect$$libinit$$00000000)
    __rt_lib_init_fp_1                       0x0800020f   Thumb Code     0  libinit2.o(.ARM.Collect$$libinit$$00000001)
    __rt_lib_init_heap_2                     0x08000213   Thumb Code     0  libinit2.o(.ARM.Collect$$libinit$$00000005)
    __rt_lib_init_preinit_1                  0x08000213   Thumb Code     0  libinit2.o(.ARM.Collect$$libinit$$00000004)
    __rt_lib_init_heap_1                     0x0800021b   Thumb Code     0  libinit2.o(.ARM.Collect$$libinit$$0000000A)
    __rt_lib_init_lc_common                  0x0800021b   Thumb Code     0  libinit2.o(.ARM.Collect$$libinit$$0000000F)
    __rt_lib_init_rand_1                     0x0800021b   Thumb Code     0  libinit2.o(.ARM.Collect$$libinit$$0000000E)
    __rt_lib_init_user_alloc_1               0x0800021b   Thumb Code     0  libinit2.o(.ARM.Collect$$libinit$$0000000C)
    __rt_lib_init_lc_collate_1               0x08000221   Thumb Code     0  libinit2.o(.ARM.Collect$$libinit$$00000011)
    __rt_lib_init_lc_ctype_1                 0x08000221   Thumb Code     0  libinit2.o(.ARM.Collect$$libinit$$00000013)
    __rt_lib_init_lc_monetary_1              0x08000221   Thumb Code     0  libinit2.o(.ARM.Collect$$libinit$$00000015)
    __rt_lib_init_lc_numeric_2               0x08000221   Thumb Code     0  libinit2.o(.ARM.Collect$$libinit$$00000016)
    __rt_lib_init_atexit_1                   0x0800022b   Thumb Code     0  libinit2.o(.ARM.Collect$$libinit$$0000001B)
    __rt_lib_init_clock_1                    0x0800022b   Thumb Code     0  libinit2.o(.ARM.Collect$$libinit$$00000021)
    __rt_lib_init_fp_trap_1                  0x0800022b   Thumb Code     0  libinit2.o(.ARM.Collect$$libinit$$0000001F)
    __rt_lib_init_getenv_1                   0x0800022b   Thumb Code     0  libinit2.o(.ARM.Collect$$libinit$$00000023)
    __rt_lib_init_lc_numeric_1               0x0800022b   Thumb Code     0  libinit2.o(.ARM.Collect$$libinit$$00000017)
    __rt_lib_init_lc_time_1                  0x0800022b   Thumb Code     0  libinit2.o(.ARM.Collect$$libinit$$00000019)
    __rt_lib_init_signal_1                   0x0800022b   Thumb Code     0  libinit2.o(.ARM.Collect$$libinit$$0000001D)
    __rt_lib_init_stdio_2                    0x0800022b   Thumb Code     0  libinit2.o(.ARM.Collect$$libinit$$00000024)
    __rt_lib_init_alloca_1                   0x0800022f   Thumb Code     0  libinit2.o(.ARM.Collect$$libinit$$0000002E)
    __rt_lib_init_argv_1                     0x0800022f   Thumb Code     0  libinit2.o(.ARM.Collect$$libinit$$0000002C)
    __rt_lib_init_cpp_1                      0x0800022f   Thumb Code     0  libinit2.o(.ARM.Collect$$libinit$$00000032)
    __rt_lib_init_exceptions_1               0x0800022f   Thumb Code     0  libinit2.o(.ARM.Collect$$libinit$$00000030)
    __rt_lib_init_return                     0x0800022f   Thumb Code     0  libinit2.o(.ARM.Collect$$libinit$$00000033)
    __rt_lib_init_stdio_1                    0x0800022f   Thumb Code     0  libinit2.o(.ARM.Collect$$libinit$$00000025)
    __rt_lib_shutdown                        0x08000231   Thumb Code     0  libshutdown.o(.ARM.Collect$$libshutdown$$00000000)
    __rt_lib_shutdown_cpp_1                  0x08000233   Thumb Code     0  libshutdown2.o(.ARM.Collect$$libshutdown$$00000002)
    __rt_lib_shutdown_stdio_2                0x08000233   Thumb Code     0  libshutdown2.o(.ARM.Collect$$libshutdown$$00000003)
    __rt_lib_shutdown_fp_trap_1              0x08000237   Thumb Code     0  libshutdown2.o(.ARM.Collect$$libshutdown$$00000007)
    __rt_lib_shutdown_heap_1                 0x08000237   Thumb Code     0  libshutdown2.o(.ARM.Collect$$libshutdown$$0000000F)
    __rt_lib_shutdown_return                 0x08000237   Thumb Code     0  libshutdown2.o(.ARM.Collect$$libshutdown$$00000010)
    __rt_lib_shutdown_signal_1               0x08000237   Thumb Code     0  libshutdown2.o(.ARM.Collect$$libshutdown$$0000000A)
    __rt_lib_shutdown_stdio_1                0x08000237   Thumb Code     0  libshutdown2.o(.ARM.Collect$$libshutdown$$00000004)
    __rt_lib_shutdown_user_alloc_1           0x08000237   Thumb Code     0  libshutdown2.o(.ARM.Collect$$libshutdown$$0000000C)
    __rt_entry                               0x08000239   Thumb Code     0  __rtentry.o(.ARM.Collect$$rtentry$$00000000)
    __rt_entry_presh_1                       0x08000239   Thumb Code     0  __rtentry2.o(.ARM.Collect$$rtentry$$00000002)
    __rt_entry_sh                            0x08000239   Thumb Code     0  __rtentry4.o(.ARM.Collect$$rtentry$$00000004)
    __rt_entry_li                            0x0800023f   Thumb Code     0  __rtentry2.o(.ARM.Collect$$rtentry$$0000000A)
    __rt_entry_postsh_1                      0x0800023f   Thumb Code     0  __rtentry2.o(.ARM.Collect$$rtentry$$00000009)
    __rt_entry_main                          0x08000243   Thumb Code     0  __rtentry2.o(.ARM.Collect$$rtentry$$0000000D)
    __rt_entry_postli_1                      0x08000243   Thumb Code     0  __rtentry2.o(.ARM.Collect$$rtentry$$0000000C)
    __rt_exit                                0x0800024b   Thumb Code     0  rtexit.o(.ARM.Collect$$rtexit$$00000000)
    __rt_exit_ls                             0x0800024d   Thumb Code     0  rtexit2.o(.ARM.Collect$$rtexit$$00000003)
    __rt_exit_prels_1                        0x0800024d   Thumb Code     0  rtexit2.o(.ARM.Collect$$rtexit$$00000002)
    __rt_exit_exit                           0x08000251   Thumb Code     0  rtexit2.o(.ARM.Collect$$rtexit$$00000004)
    _maybe_terminate_alloc                   0x08000259   Thumb Code     0  maybetermalloc1.o(.emb_text)
    fputc                                    0x08000259   Thumb Code    52  fput_debug.o(.text)
    Kalmanfilter_C                           0x08000291   Thumb Code   156  kalmanfilter.o(.text)
    home_sub_f32                             0x0800032d   Thumb Code    44  kalmanfilter.o(.text)
    home_std_f32                             0x08000359   Thumb Code   180  kalmanfilter.o(.text)
    home_mean_f32                            0x0800040d   Thumb Code    56  kalmanfilter.o(.text)
    home_correlate_f32                       0x08000445   Thumb Code    62  kalmanfilter.o(.text)
    home_conv_f32                            0x08000483   Thumb Code    62  kalmanfilter.o(.text)
    main                                     0x080004c5   Thumb Code   594  main.o(.text)
    Reset_Handler                            0x080007b1   Thumb Code    26  startup_stm32f407xx.o(.text)
    NMI_Handler                              0x080007cb   Thumb Code     2  startup_stm32f407xx.o(.text)
    HardFault_Handler                        0x080007cd   Thumb Code     2  startup_stm32f407xx.o(.text)
    MemManage_Handler                        0x080007cf   Thumb Code     2  startup_stm32f407xx.o(.text)
    BusFault_Handler                         0x080007d1   Thumb Code     2  startup_stm32f407xx.o(.text)
    UsageFault_Handler                       0x080007d3   Thumb Code     2  startup_stm32f407xx.o(.text)
    SVC_Handler                              0x080007d5   Thumb Code     2  startup_stm32f407xx.o(.text)
    DebugMon_Handler                         0x080007d7   Thumb Code     2  startup_stm32f407xx.o(.text)
    PendSV_Handler                           0x080007d9   Thumb Code     2  startup_stm32f407xx.o(.text)
    SysTick_Handler                          0x080007db   Thumb Code     2  startup_stm32f407xx.o(.text)
    ADC_IRQHandler                           0x080007dd   Thumb Code     0  startup_stm32f407xx.o(.text)
    CAN1_RX0_IRQHandler                      0x080007dd   Thumb Code     0  startup_stm32f407xx.o(.text)
    CAN1_RX1_IRQHandler                      0x080007dd   Thumb Code     0  startup_stm32f407xx.o(.text)
    CAN1_SCE_IRQHandler                      0x080007dd   Thumb Code     0  startup_stm32f407xx.o(.text)
    CAN1_TX_IRQHandler                       0x080007dd   Thumb Code     0  startup_stm32f407xx.o(.text)
    CAN2_RX0_IRQHandler                      0x080007dd   Thumb Code     0  startup_stm32f407xx.o(.text)
    CAN2_RX1_IRQHandler                      0x080007dd   Thumb Code     0  startup_stm32f407xx.o(.text)
    CAN2_SCE_IRQHandler                      0x080007dd   Thumb Code     0  startup_stm32f407xx.o(.text)
    CAN2_TX_IRQHandler                       0x080007dd   Thumb Code     0  startup_stm32f407xx.o(.text)
    DCMI_IRQHandler                          0x080007dd   Thumb Code     0  startup_stm32f407xx.o(.text)
    DMA1_Stream0_IRQHandler                  0x080007dd   Thumb Code     0  startup_stm32f407xx.o(.text)
    DMA1_Stream1_IRQHandler                  0x080007dd   Thumb Code     0  startup_stm32f407xx.o(.text)
    DMA1_Stream2_IRQHandler                  0x080007dd   Thumb Code     0  startup_stm32f407xx.o(.text)
    DMA1_Stream3_IRQHandler                  0x080007dd   Thumb Code     0  startup_stm32f407xx.o(.text)
    DMA1_Stream4_IRQHandler                  0x080007dd   Thumb Code     0  startup_stm32f407xx.o(.text)
    DMA1_Stream5_IRQHandler                  0x080007dd   Thumb Code     0  startup_stm32f407xx.o(.text)
    DMA1_Stream6_IRQHandler                  0x080007dd   Thumb Code     0  startup_stm32f407xx.o(.text)
    DMA1_Stream7_IRQHandler                  0x080007dd   Thumb Code     0  startup_stm32f407xx.o(.text)
    DMA2_Stream0_IRQHandler                  0x080007dd   Thumb Code     0  startup_stm32f407xx.o(.text)
    DMA2_Stream1_IRQHandler                  0x080007dd   Thumb Code     0  startup_stm32f407xx.o(.text)
    DMA2_Stream2_IRQHandler                  0x080007dd   Thumb Code     0  startup_stm32f407xx.o(.text)
    DMA2_Stream3_IRQHandler                  0x080007dd   Thumb Code     0  startup_stm32f407xx.o(.text)
    DMA2_Stream4_IRQHandler                  0x080007dd   Thumb Code     0  startup_stm32f407xx.o(.text)
    DMA2_Stream5_IRQHandler                  0x080007dd   Thumb Code     0  startup_stm32f407xx.o(.text)
    DMA2_Stream6_IRQHandler                  0x080007dd   Thumb Code     0  startup_stm32f407xx.o(.text)
    DMA2_Stream7_IRQHandler                  0x080007dd   Thumb Code     0  startup_stm32f407xx.o(.text)
    ETH_IRQHandler                           0x080007dd   Thumb Code     0  startup_stm32f407xx.o(.text)
    ETH_WKUP_IRQHandler                      0x080007dd   Thumb Code     0  startup_stm32f407xx.o(.text)
    EXTI0_IRQHandler                         0x080007dd   Thumb Code     0  startup_stm32f407xx.o(.text)
    EXTI15_10_IRQHandler                     0x080007dd   Thumb Code     0  startup_stm32f407xx.o(.text)
    EXTI1_IRQHandler                         0x080007dd   Thumb Code     0  startup_stm32f407xx.o(.text)
    EXTI2_IRQHandler                         0x080007dd   Thumb Code     0  startup_stm32f407xx.o(.text)
    EXTI3_IRQHandler                         0x080007dd   Thumb Code     0  startup_stm32f407xx.o(.text)
    EXTI4_IRQHandler                         0x080007dd   Thumb Code     0  startup_stm32f407xx.o(.text)
    EXTI9_5_IRQHandler                       0x080007dd   Thumb Code     0  startup_stm32f407xx.o(.text)
    FLASH_IRQHandler                         0x080007dd   Thumb Code     0  startup_stm32f407xx.o(.text)
    FMC_IRQHandler                           0x080007dd   Thumb Code     0  startup_stm32f407xx.o(.text)
    FPU_IRQHandler                           0x080007dd   Thumb Code     0  startup_stm32f407xx.o(.text)
    HASH_RNG_IRQHandler                      0x080007dd   Thumb Code     0  startup_stm32f407xx.o(.text)
    I2C1_ER_IRQHandler                       0x080007dd   Thumb Code     0  startup_stm32f407xx.o(.text)
    I2C1_EV_IRQHandler                       0x080007dd   Thumb Code     0  startup_stm32f407xx.o(.text)
    I2C2_ER_IRQHandler                       0x080007dd   Thumb Code     0  startup_stm32f407xx.o(.text)
    I2C2_EV_IRQHandler                       0x080007dd   Thumb Code     0  startup_stm32f407xx.o(.text)
    I2C3_ER_IRQHandler                       0x080007dd   Thumb Code     0  startup_stm32f407xx.o(.text)
    I2C3_EV_IRQHandler                       0x080007dd   Thumb Code     0  startup_stm32f407xx.o(.text)
    OTG_FS_IRQHandler                        0x080007dd   Thumb Code     0  startup_stm32f407xx.o(.text)
    OTG_FS_WKUP_IRQHandler                   0x080007dd   Thumb Code     0  startup_stm32f407xx.o(.text)
    OTG_HS_EP1_IN_IRQHandler                 0x080007dd   Thumb Code     0  startup_stm32f407xx.o(.text)
    OTG_HS_EP1_OUT_IRQHandler                0x080007dd   Thumb Code     0  startup_stm32f407xx.o(.text)
    OTG_HS_IRQHandler                        0x080007dd   Thumb Code     0  startup_stm32f407xx.o(.text)
    OTG_HS_WKUP_IRQHandler                   0x080007dd   Thumb Code     0  startup_stm32f407xx.o(.text)
    PVD_IRQHandler                           0x080007dd   Thumb Code     0  startup_stm32f407xx.o(.text)
    RCC_IRQHandler                           0x080007dd   Thumb Code     0  startup_stm32f407xx.o(.text)
    RTC_Alarm_IRQHandler                     0x080007dd   Thumb Code     0  startup_stm32f407xx.o(.text)
    RTC_WKUP_IRQHandler                      0x080007dd   Thumb Code     0  startup_stm32f407xx.o(.text)
    SDIO_IRQHandler                          0x080007dd   Thumb Code     0  startup_stm32f407xx.o(.text)
    SPI1_IRQHandler                          0x080007dd   Thumb Code     0  startup_stm32f407xx.o(.text)
    SPI2_IRQHandler                          0x080007dd   Thumb Code     0  startup_stm32f407xx.o(.text)
    SPI3_IRQHandler                          0x080007dd   Thumb Code     0  startup_stm32f407xx.o(.text)
    TAMP_STAMP_IRQHandler                    0x080007dd   Thumb Code     0  startup_stm32f407xx.o(.text)
    TIM1_BRK_TIM9_IRQHandler                 0x080007dd   Thumb Code     0  startup_stm32f407xx.o(.text)
    TIM1_CC_IRQHandler                       0x080007dd   Thumb Code     0  startup_stm32f407xx.o(.text)
    TIM1_TRG_COM_TIM11_IRQHandler            0x080007dd   Thumb Code     0  startup_stm32f407xx.o(.text)
    TIM1_UP_TIM10_IRQHandler                 0x080007dd   Thumb Code     0  startup_stm32f407xx.o(.text)
    TIM2_IRQHandler                          0x080007dd   Thumb Code     0  startup_stm32f407xx.o(.text)
    TIM3_IRQHandler                          0x080007dd   Thumb Code     0  startup_stm32f407xx.o(.text)
    TIM4_IRQHandler                          0x080007dd   Thumb Code     0  startup_stm32f407xx.o(.text)
    TIM5_IRQHandler                          0x080007dd   Thumb Code     0  startup_stm32f407xx.o(.text)
    TIM6_DAC_IRQHandler                      0x080007dd   Thumb Code     0  startup_stm32f407xx.o(.text)
    TIM7_IRQHandler                          0x080007dd   Thumb Code     0  startup_stm32f407xx.o(.text)
    TIM8_BRK_TIM12_IRQHandler                0x080007dd   Thumb Code     0  startup_stm32f407xx.o(.text)
    TIM8_CC_IRQHandler                       0x080007dd   Thumb Code     0  startup_stm32f407xx.o(.text)
    TIM8_TRG_COM_TIM14_IRQHandler            0x080007dd   Thumb Code     0  startup_stm32f407xx.o(.text)
    TIM8_UP_TIM13_IRQHandler                 0x080007dd   Thumb Code     0  startup_stm32f407xx.o(.text)
    UART4_IRQHandler                         0x080007dd   Thumb Code     0  startup_stm32f407xx.o(.text)
    UART5_IRQHandler                         0x080007dd   Thumb Code     0  startup_stm32f407xx.o(.text)
    USART1_IRQHandler                        0x080007dd   Thumb Code     0  startup_stm32f407xx.o(.text)
    USART2_IRQHandler                        0x080007dd   Thumb Code     0  startup_stm32f407xx.o(.text)
    USART3_IRQHandler                        0x080007dd   Thumb Code     0  startup_stm32f407xx.o(.text)
    USART6_IRQHandler                        0x080007dd   Thumb Code     0  startup_stm32f407xx.o(.text)
    WWDG_IRQHandler                          0x080007dd   Thumb Code     0  startup_stm32f407xx.o(.text)
    __user_initial_stackheap                 0x080007e1   Thumb Code     0  startup_stm32f407xx.o(.text)
    arm_sub_f32                              0x08000805   Thumb Code   210  arm_sub_f32.o(.text)
    arm_conv_f32                             0x080008d9   Thumb Code  1390  arm_conv_f32.o(.text)
    arm_correlate_f32                        0x08000e49   Thumb Code  1420  arm_correlate_f32.o(.text)
    arm_mean_f32                             0x080013d5   Thumb Code   138  arm_mean_f32.o(.text)
    arm_std_f32                              0x08001465   Thumb Code   304  arm_std_f32.o(.text)
    fetestexcept                             0x08001599   Thumb Code    18  _fe_test.o(.text)
    __2printf                                0x080015ad   Thumb Code    20  noretval__2printf.o(.text)
    __printf                                 0x080015c5   Thumb Code   104  __printf.o(.text)
    _printf_int_dec                          0x0800162d   Thumb Code   104  _printf_dec.o(.text)
    __aeabi_memcpy4                          0x080016a5   Thumb Code     0  rt_memcpy_w.o(.text)
    __aeabi_memcpy8                          0x080016a5   Thumb Code     0  rt_memcpy_w.o(.text)
    __rt_memcpy_w                            0x080016a5   Thumb Code   100  rt_memcpy_w.o(.text)
    _memcpy_lastbytes_aligned                0x080016ed   Thumb Code     0  rt_memcpy_w.o(.text)
    __use_two_region_memory                  0x08001709   Thumb Code     2  heapauxi.o(.text)
    __rt_heap_escrow                         0x0800170b   Thumb Code     2  heapauxi.o(.text)
    __rt_heap_expand                         0x0800170d   Thumb Code     2  heapauxi.o(.text)
    __read_errno                             0x0800170f   Thumb Code    10  _rserrno.o(.text)
    __set_errno                              0x08001719   Thumb Code    12  _rserrno.o(.text)
    _printf_int_common                       0x08001725   Thumb Code   178  _printf_intcommon.o(.text)
    __lib_sel_fp_printf                      0x080017d7   Thumb Code     2  _printf_fp_dec.o(.text)
    _printf_fp_dec_real                      0x08001985   Thumb Code   620  _printf_fp_dec.o(.text)
    _printf_char_file                        0x08001bf1   Thumb Code    32  _printf_char_file.o(.text)
    __rt_locale                              0x08001c15   Thumb Code     8  rt_locale_intlibspace.o(.text)
    __aeabi_errno_addr                       0x08001c1d   Thumb Code     8  rt_errno_addr_intlibspace.o(.text)
    __errno$intlibspace                      0x08001c1d   Thumb Code     0  rt_errno_addr_intlibspace.o(.text)
    __rt_errno_addr$intlibspace              0x08001c1d   Thumb Code     0  rt_errno_addr_intlibspace.o(.text)
    _ll_udiv10                               0x08001c25   Thumb Code   138  lludiv10.o(.text)
    _fp_trap                                 0x08001cb1   Thumb Code    44  _fptrap.o(.text)
    _printf_char_common                      0x08001ceb   Thumb Code    32  _printf_char_common.o(.text)
    _printf_fp_infnan                        0x08001d11   Thumb Code   112  _printf_fp_infnan.o(.text)
    _btod_etento                             0x08001d91   Thumb Code   216  bigflt0.o(.text)
    ferror                                   0x08001e6d   Thumb Code     8  ferror.o(.text)
    _initio                                  0x08001e75   Thumb Code   210  initio.o(.text)
    _terminateio                             0x08001f47   Thumb Code    56  initio.o(.text)
    _sys_open                                0x08001fad   Thumb Code    20  sys_io.o(.text)
    _sys_close                               0x08001fc1   Thumb Code    12  sys_io.o(.text)
    _sys_write                               0x08001fcd   Thumb Code    16  sys_io.o(.text)
    _sys_read                                0x08001fdd   Thumb Code    14  sys_io.o(.text)
    _sys_istty                               0x08001feb   Thumb Code    12  sys_io.o(.text)
    _sys_seek                                0x08001ff7   Thumb Code    14  sys_io.o(.text)
    _sys_ensure                              0x08002005   Thumb Code     2  sys_io.o(.text)
    _sys_flen                                0x08002007   Thumb Code    12  sys_io.o(.text)
    __user_libspace                          0x08002015   Thumb Code     8  libspace.o(.text)
    __user_perproc_libspace                  0x08002015   Thumb Code     0  libspace.o(.text)
    __user_perthread_libspace                0x08002015   Thumb Code     0  libspace.o(.text)
    __user_setup_stackheap                   0x0800201d   Thumb Code    74  sys_stackheap_outer.o(.text)
    free                                     0x08002067   Thumb Code    78  h1_free.o(.text)
    setvbuf                                  0x080020b5   Thumb Code    70  setvbuf.o(.text)
    freopen                                  0x080020fd   Thumb Code   158  fopen.o(.text)
    fopen                                    0x0800219b   Thumb Code    74  fopen.o(.text)
    _fclose_internal                         0x080021e9   Thumb Code    76  fclose.o(.text)
    fclose                                   0x080021e9   Thumb Code     0  fclose.o(.text)
    exit                                     0x08002235   Thumb Code    18  exit.o(.text)
    __rt_SIGFPE                              0x08002247   Thumb Code    14  defsig_fpe_outer.o(.text)
    __rt_SIGRTRED                            0x08002255   Thumb Code    14  defsig_rtred_outer.o(.text)
    __aeabi_memclr4                          0x08002263   Thumb Code     0  rt_memclr_w.o(.text)
    __aeabi_memclr8                          0x08002263   Thumb Code     0  rt_memclr_w.o(.text)
    __rt_memclr_w                            0x08002263   Thumb Code    78  rt_memclr_w.o(.text)
    _memset_w                                0x08002267   Thumb Code     0  rt_memclr_w.o(.text)
    strcmp                                   0x080022b1   Thumb Code   128  strcmpv7m.o(.text)
    __I$use$semihosting                      0x08002331   Thumb Code     0  use_no_semi.o(.text)
    __use_no_semihosting_swi                 0x08002331   Thumb Code     2  use_no_semi.o(.text)
    __semihosting_library_function           0x08002333   Thumb Code     0  indicate_semi.o(.text)
    __rt_heap_descriptor                     0x08002335   Thumb Code     8  rt_heap_descriptor_intlibspace.o(.text)
    __use_no_heap                            0x0800233d   Thumb Code     2  hguard.o(.text)
    __heap$guard                             0x0800233f   Thumb Code     2  hguard.o(.text)
    _terminate_user_alloc                    0x08002341   Thumb Code     2  init_alloc.o(.text)
    _init_user_alloc                         0x08002343   Thumb Code     2  init_alloc.o(.text)
    __Heap_Full                              0x08002345   Thumb Code    34  init_alloc.o(.text)
    __Heap_Broken                            0x08002367   Thumb Code     6  init_alloc.o(.text)
    _init_alloc                              0x0800236d   Thumb Code    94  init_alloc.o(.text)
    malloc                                   0x080023cb   Thumb Code    94  h1_alloc.o(.text)
    _fseek                                   0x08002429   Thumb Code   242  fseek.o(.text)
    fseek                                    0x08002429   Thumb Code     0  fseek.o(.text)
    _seterr                                  0x08002521   Thumb Code    20  stdio.o(.text)
    _writebuf                                0x08002535   Thumb Code    84  stdio.o(.text)
    _fflush                                  0x08002589   Thumb Code    70  stdio.o(.text)
    _deferredlazyseek                        0x080025cf   Thumb Code    60  stdio.o(.text)
    __sig_exit                               0x08002611   Thumb Code    10  defsig_exit.o(.text)
    __rt_SIGFPE_inner                        0x0800261d   Thumb Code    62  defsig_fpe_inner.o(.text)
    __rt_SIGRTRED_inner                      0x080026c9   Thumb Code    14  defsig_rtred_inner.o(.text)
    strlen                                   0x080026fd   Thumb Code    62  strlen.o(.text)
    _sys_exit                                0x0800273d   Thumb Code     8  sys_exit.o(.text)
    __Heap_Initialize                        0x08002749   Thumb Code    10  h1_init.o(.text)
    __Heap_DescSize                          0x08002753   Thumb Code     4  h1_init.o(.text)
    __Heap_ProvideMemory                     0x08002757   Thumb Code    52  h1_extend.o(.text)
    _ftell_internal                          0x0800278b   Thumb Code    66  ftell.o(.text)
    ftell                                    0x0800278b   Thumb Code     0  ftell.o(.text)
    __default_signal_display                 0x080027cd   Thumb Code    50  defsig_general.o(.text)
    __rt_SIGRTMEM                            0x080027ff   Thumb Code    14  defsig_rtmem_outer.o(.text)
    _ttywrch                                 0x0800280d   Thumb Code    14  sys_wrch.o(.text)
    __rt_SIGRTMEM_inner                      0x0800281d   Thumb Code    22  defsig_rtmem_inner.o(.text)
    _btod_d2e                                0x0800286d   Thumb Code    62  btod.o(CL$$btod_d2e)
    _d2e_denorm_low                          0x080028ab   Thumb Code    70  btod.o(CL$$btod_d2e_denorm_low)
    _d2e_norm_op1                            0x080028f1   Thumb Code    96  btod.o(CL$$btod_d2e_norm_op1)
    __btod_div_common                        0x08002951   Thumb Code   696  btod.o(CL$$btod_div_common)
    _e2e                                     0x08002c89   Thumb Code   198  btod.o(CL$$btod_e2e)
    _btod_ediv                               0x08002d4f   Thumb Code    40  btod.o(CL$$btod_ediv)
    _btod_emul                               0x08002d77   Thumb Code    40  btod.o(CL$$btod_emul)
    __btod_mult_common                       0x08002d9f   Thumb Code   580  btod.o(CL$$btod_mult_common)
    __ARM_fpclassify                         0x08002fe3   Thumb Code    48  fpclassify.o(i.__ARM_fpclassify)
    __hardfp_sqrt                            0x08003013   Thumb Code   122  sqrt_full.o(i.__hardfp_sqrt)
    _get_lc_numeric                          0x0800308d   Thumb Code    44  lc_numeric_c.o(locale$$code)
    __aeabi_d2f                              0x080030b9   Thumb Code     0  d2f_clz.o(x$fpl$d2f)
    _d2f                                     0x080030b9   Thumb Code   700  d2f_clz.o(x$fpl$d2f)
    __dflt_normalise                         0x0800337d   Thumb Code    26  dflt_clz.o(x$fpl$dfltn)
    __fpl_dnaninf                            0x08003397   Thumb Code   258  dnaninf.o(x$fpl$dnaninf)
    __fpl_drenorm2                           0x08003499   Thumb Code   106  drenorm_clz.o(x$fpl$drenorm)
    __fpl_drenorm1                           0x08003503   Thumb Code     6  drenorm_clz.o(x$fpl$drenorm)
    __fpl_dretinf                            0x08003509   Thumb Code    12  dretinf.o(x$fpl$dretinf)
    _dsqrt                                   0x08003515   Thumb Code   520  dsqrt_umaalclz.o(x$fpl$dsqrt)
    __dunder                                 0x0800371d   Thumb Code   314  dunder_clz.o(x$fpl$dunder)
    __dunder_d                               0x08003857   Thumb Code    64  dunder_clz.o(x$fpl$dunder)
    __fpl_exception                          0x08003899   Thumb Code   454  except.o(x$fpl$exception)
    __aeabi_f2d                              0x08003a85   Thumb Code     0  f2d.o(x$fpl$f2d)
    _f2d                                     0x08003a85   Thumb Code   122  f2d.o(x$fpl$f2d)
    __fpl_fnaninf                            0x08003aff   Thumb Code   242  fnaninf.o(x$fpl$fnaninf)
    _fp_init                                 0x08003bf1   Thumb Code    10  fpinit.o(x$fpl$fpinit)
    __fplib_config_fpu_vfp                   0x08003bf9   Thumb Code     0  fpinit.o(x$fpl$fpinit)
    __fplib_config_pureend_doubles           0x08003bf9   Thumb Code     0  fpinit.o(x$fpl$fpinit)
    __fpl_fretinf                            0x08003bfb   Thumb Code    10  fretinf.o(x$fpl$fretinf)
    __funder                                 0x08003c05   Thumb Code   254  funder_clz.o(x$fpl$funder)
    __funder_d                               0x08003d03   Thumb Code    62  funder_clz.o(x$fpl$funder)
    __ieee_status                            0x08003d41   Thumb Code    28  istatus.o(x$fpl$ieeestatus)
    _printf_fp_dec                           0x08003d61   Thumb Code     4  printf1.o(x$fpl$printf1)
    __fpl_return_NaN                         0x08003d65   Thumb Code   178  retnan.o(x$fpl$retnan)
    _fp_trapveneer                           0x08003e17   Thumb Code    36  trapv.o(x$fpl$trapveneer)
    __fpl_cmpreturn                          0x08003e3b   Thumb Code    90  trapv.o(x$fpl$trapveneer)
    __I$use$fp                               0x08003e94   Number         0  usenofp.o(x$fpl$usenofp)
    __stdin_name                             0x08003f50   Data           4  sys_io.o(.constdata)
    __stdout_name                            0x08003f54   Data           4  sys_io.o(.constdata)
    __stderr_name                            0x08003f58   Data           4  sys_io.o(.constdata)
    Region$$Table$$Base                      0x08003fb0   Number         0  anon$$obj.o(Region$$Table)
    Region$$Table$$Limit                     0x08003fd0   Number         0  anon$$obj.o(Region$$Table)
    __aeabi_stdin                            0x20000000   Data           4  stdio_streams.o(.data)
    __aeabi_stdout                           0x20000004   Data           4  stdio_streams.o(.data)
    __aeabi_stderr                           0x20000008   Data           4  stdio_streams.o(.data)
    __stdin                                  0x2000000c   Data          84  stdio_streams.o(.bss)
    __stdout                                 0x20000060   Data          84  stdio_streams.o(.bss)
    __stderr                                 0x200000b4   Data          84  stdio_streams.o(.bss)
    __libspace_start                         0x20000108   Data          96  libspace.o(.bss)
    __temporary_stack_top$libspace           0x20000168   Data           0  libspace.o(.bss)



==============================================================================

Memory Map of the image

  Image Entry point : 0x08000189

  Load Region LR_IROM1 (Base: 0x08000000, Size: 0x00003ff8, Max: 0x00100000, ABSOLUTE)

    Execution Region ER_IROM1 (Base: 0x08000000, Size: 0x00003fec, Max: 0x00100000, ABSOLUTE)

    Base Addr    Size         Type   Attr      Idx    E Section Name        Object

    0x08000000   0x00000188   Data   RO          135    RESET               startup_stm32f407xx.o
    0x08000188   0x00000008   Code   RO          365  * !!!main             c_w.l(__main.o)
    0x08000190   0x00000034   Code   RO          790    !!!scatter          c_w.l(__scatter.o)
    0x080001c4   0x0000001a   Code   RO          792    !!handler_copy      c_w.l(__scatter_copy.o)
    0x080001de   0x00000002   PAD
    0x080001e0   0x0000001c   Code   RO          794    !!handler_zi        c_w.l(__scatter_zi.o)
    0x080001fc   0x00000000   Code   RO          360    .ARM.Collect$$_printf_percent$$00000000  c_w.l(_printf_percent.o)
    0x080001fc   0x00000006   Code   RO          359    .ARM.Collect$$_printf_percent$$00000003  c_w.l(_printf_f.o)
    0x08000202   0x00000006   Code   RO          358    .ARM.Collect$$_printf_percent$$00000009  c_w.l(_printf_d.o)
    0x08000208   0x00000004   Code   RO          394    .ARM.Collect$$_printf_percent$$00000017  c_w.l(_printf_percent_end.o)
    0x0800020c   0x00000002   Code   RO          607    .ARM.Collect$$libinit$$00000000  c_w.l(libinit.o)
    0x0800020e   0x00000004   Code   RO          608    .ARM.Collect$$libinit$$00000001  c_w.l(libinit2.o)
    0x08000212   0x00000000   Code   RO          611    .ARM.Collect$$libinit$$00000004  c_w.l(libinit2.o)
    0x08000212   0x00000008   Code   RO          612    .ARM.Collect$$libinit$$00000005  c_w.l(libinit2.o)
    0x0800021a   0x00000000   Code   RO          614    .ARM.Collect$$libinit$$0000000A  c_w.l(libinit2.o)
    0x0800021a   0x00000000   Code   RO          616    .ARM.Collect$$libinit$$0000000C  c_w.l(libinit2.o)
    0x0800021a   0x00000000   Code   RO          618    .ARM.Collect$$libinit$$0000000E  c_w.l(libinit2.o)
    0x0800021a   0x00000006   Code   RO          619    .ARM.Collect$$libinit$$0000000F  c_w.l(libinit2.o)
    0x08000220   0x00000000   Code   RO          621    .ARM.Collect$$libinit$$00000011  c_w.l(libinit2.o)
    0x08000220   0x00000000   Code   RO          623    .ARM.Collect$$libinit$$00000013  c_w.l(libinit2.o)
    0x08000220   0x00000000   Code   RO          625    .ARM.Collect$$libinit$$00000015  c_w.l(libinit2.o)
    0x08000220   0x0000000a   Code   RO          626    .ARM.Collect$$libinit$$00000016  c_w.l(libinit2.o)
    0x0800022a   0x00000000   Code   RO          627    .ARM.Collect$$libinit$$00000017  c_w.l(libinit2.o)
    0x0800022a   0x00000000   Code   RO          629    .ARM.Collect$$libinit$$00000019  c_w.l(libinit2.o)
    0x0800022a   0x00000000   Code   RO          631    .ARM.Collect$$libinit$$0000001B  c_w.l(libinit2.o)
    0x0800022a   0x00000000   Code   RO          633    .ARM.Collect$$libinit$$0000001D  c_w.l(libinit2.o)
    0x0800022a   0x00000000   Code   RO          635    .ARM.Collect$$libinit$$0000001F  c_w.l(libinit2.o)
    0x0800022a   0x00000000   Code   RO          637    .ARM.Collect$$libinit$$00000021  c_w.l(libinit2.o)
    0x0800022a   0x00000000   Code   RO          639    .ARM.Collect$$libinit$$00000023  c_w.l(libinit2.o)
    0x0800022a   0x00000004   Code   RO          640    .ARM.Collect$$libinit$$00000024  c_w.l(libinit2.o)
    0x0800022e   0x00000000   Code   RO          641    .ARM.Collect$$libinit$$00000025  c_w.l(libinit2.o)
    0x0800022e   0x00000000   Code   RO          645    .ARM.Collect$$libinit$$0000002C  c_w.l(libinit2.o)
    0x0800022e   0x00000000   Code   RO          647    .ARM.Collect$$libinit$$0000002E  c_w.l(libinit2.o)
    0x0800022e   0x00000000   Code   RO          649    .ARM.Collect$$libinit$$00000030  c_w.l(libinit2.o)
    0x0800022e   0x00000000   Code   RO          651    .ARM.Collect$$libinit$$00000032  c_w.l(libinit2.o)
    0x0800022e   0x00000002   Code   RO          652    .ARM.Collect$$libinit$$00000033  c_w.l(libinit2.o)
    0x08000230   0x00000002   Code   RO          771    .ARM.Collect$$libshutdown$$00000000  c_w.l(libshutdown.o)
    0x08000232   0x00000000   Code   RO          654    .ARM.Collect$$libshutdown$$00000002  c_w.l(libshutdown2.o)
    0x08000232   0x00000004   Code   RO          655    .ARM.Collect$$libshutdown$$00000003  c_w.l(libshutdown2.o)
    0x08000236   0x00000000   Code   RO          656    .ARM.Collect$$libshutdown$$00000004  c_w.l(libshutdown2.o)
    0x08000236   0x00000000   Code   RO          659    .ARM.Collect$$libshutdown$$00000007  c_w.l(libshutdown2.o)
    0x08000236   0x00000000   Code   RO          662    .ARM.Collect$$libshutdown$$0000000A  c_w.l(libshutdown2.o)
    0x08000236   0x00000000   Code   RO          664    .ARM.Collect$$libshutdown$$0000000C  c_w.l(libshutdown2.o)
    0x08000236   0x00000000   Code   RO          667    .ARM.Collect$$libshutdown$$0000000F  c_w.l(libshutdown2.o)
    0x08000236   0x00000002   Code   RO          668    .ARM.Collect$$libshutdown$$00000010  c_w.l(libshutdown2.o)
    0x08000238   0x00000000   Code   RO          385    .ARM.Collect$$rtentry$$00000000  c_w.l(__rtentry.o)
    0x08000238   0x00000000   Code   RO          429    .ARM.Collect$$rtentry$$00000002  c_w.l(__rtentry2.o)
    0x08000238   0x00000006   Code   RO          441    .ARM.Collect$$rtentry$$00000004  c_w.l(__rtentry4.o)
    0x0800023e   0x00000000   Code   RO          431    .ARM.Collect$$rtentry$$00000009  c_w.l(__rtentry2.o)
    0x0800023e   0x00000004   Code   RO          432    .ARM.Collect$$rtentry$$0000000A  c_w.l(__rtentry2.o)
    0x08000242   0x00000000   Code   RO          434    .ARM.Collect$$rtentry$$0000000C  c_w.l(__rtentry2.o)
    0x08000242   0x00000008   Code   RO          435    .ARM.Collect$$rtentry$$0000000D  c_w.l(__rtentry2.o)
    0x0800024a   0x00000002   Code   RO          672    .ARM.Collect$$rtexit$$00000000  c_w.l(rtexit.o)
    0x0800024c   0x00000000   Code   RO          722    .ARM.Collect$$rtexit$$00000002  c_w.l(rtexit2.o)
    0x0800024c   0x00000004   Code   RO          723    .ARM.Collect$$rtexit$$00000003  c_w.l(rtexit2.o)
    0x08000250   0x00000006   Code   RO          724    .ARM.Collect$$rtexit$$00000004  c_w.l(rtexit2.o)
    0x08000256   0x00000002   PAD
    0x08000258   0x00000000   Code   RO          728    .emb_text           c_w.l(maybetermalloc1.o)
    0x08000258   0x00000038   Code   RO            4    .text               fput_debug.o
    0x08000290   0x00000234   Code   RO           68    .text               kalmanfilter.o
    0x080004c4   0x000002ec   Code   RO          101    .text               main.o
    0x080007b0   0x00000054   Code   RO          136    .text               startup_stm32f407xx.o
    0x08000804   0x000000d2   Code   RO          178    .text               arm_cortexM4lf_math.lib(arm_sub_f32.o)
    0x080008d6   0x00000002   PAD
    0x080008d8   0x0000056e   Code   RO          230    .text               arm_cortexM4lf_math.lib(arm_conv_f32.o)
    0x08000e46   0x00000002   PAD
    0x08000e48   0x0000058c   Code   RO          254    .text               arm_cortexM4lf_math.lib(arm_correlate_f32.o)
    0x080013d4   0x00000090   Code   RO          278    .text               arm_cortexM4lf_math.lib(arm_mean_f32.o)
    0x08001464   0x00000134   Code   RO          302    .text               arm_cortexM4lf_math.lib(arm_std_f32.o)
    0x08001598   0x00000012   Code   RO          328    .text               c_w.l(_fe_test.o)
    0x080015aa   0x00000002   PAD
    0x080015ac   0x00000018   Code   RO          332    .text               c_w.l(noretval__2printf.o)
    0x080015c4   0x00000068   Code   RO          334    .text               c_w.l(__printf.o)
    0x0800162c   0x00000078   Code   RO          336    .text               c_w.l(_printf_dec.o)
    0x080016a4   0x00000064   Code   RO          361    .text               c_w.l(rt_memcpy_w.o)
    0x08001708   0x00000006   Code   RO          363    .text               c_w.l(heapauxi.o)
    0x0800170e   0x00000016   Code   RO          386    .text               c_w.l(_rserrno.o)
    0x08001724   0x000000b2   Code   RO          388    .text               c_w.l(_printf_intcommon.o)
    0x080017d6   0x0000041a   Code   RO          390    .text               c_w.l(_printf_fp_dec.o)
    0x08001bf0   0x00000024   Code   RO          392    .text               c_w.l(_printf_char_file.o)
    0x08001c14   0x00000008   Code   RO          446    .text               c_w.l(rt_locale_intlibspace.o)
    0x08001c1c   0x00000008   Code   RO          451    .text               c_w.l(rt_errno_addr_intlibspace.o)
    0x08001c24   0x0000008a   Code   RO          453    .text               c_w.l(lludiv10.o)
    0x08001cae   0x00000002   PAD
    0x08001cb0   0x00000030   Code   RO          455    .text               c_w.l(_fptrap.o)
    0x08001ce0   0x00000030   Code   RO          457    .text               c_w.l(_printf_char_common.o)
    0x08001d10   0x00000080   Code   RO          459    .text               c_w.l(_printf_fp_infnan.o)
    0x08001d90   0x000000dc   Code   RO          461    .text               c_w.l(bigflt0.o)
    0x08001e6c   0x00000008   Code   RO          486    .text               c_w.l(ferror.o)
    0x08001e74   0x00000138   Code   RO          488    .text               c_w.l(initio.o)
    0x08001fac   0x00000066   Code   RO          507    .text               c_w.l(sys_io.o)
    0x08002012   0x00000002   PAD
    0x08002014   0x00000008   Code   RO          512    .text               c_w.l(libspace.o)
    0x0800201c   0x0000004a   Code   RO          517    .text               c_w.l(sys_stackheap_outer.o)
    0x08002066   0x0000004e   Code   RO          521    .text               c_w.l(h1_free.o)
    0x080020b4   0x00000046   Code   RO          577    .text               c_w.l(setvbuf.o)
    0x080020fa   0x00000002   PAD
    0x080020fc   0x000000ec   Code   RO          580    .text               c_w.l(fopen.o)
    0x080021e8   0x0000004c   Code   RO          582    .text               c_w.l(fclose.o)
    0x08002234   0x00000012   Code   RO          588    .text               c_w.l(exit.o)
    0x08002246   0x0000000e   Code   RO          590    .text               c_w.l(defsig_fpe_outer.o)
    0x08002254   0x0000000e   Code   RO          594    .text               c_w.l(defsig_rtred_outer.o)
    0x08002262   0x0000004e   Code   RO          598    .text               c_w.l(rt_memclr_w.o)
    0x080022b0   0x00000080   Code   RO          600    .text               c_w.l(strcmpv7m.o)
    0x08002330   0x00000002   Code   RO          669    .text               c_w.l(use_no_semi.o)
    0x08002332   0x00000000   Code   RO          671    .text               c_w.l(indicate_semi.o)
    0x08002332   0x00000002   PAD
    0x08002334   0x00000008   Code   RO          679    .text               c_w.l(rt_heap_descriptor_intlibspace.o)
    0x0800233c   0x00000004   Code   RO          681    .text               c_w.l(hguard.o)
    0x08002340   0x0000008a   Code   RO          683    .text               c_w.l(init_alloc.o)
    0x080023ca   0x0000005e   Code   RO          689    .text               c_w.l(h1_alloc.o)
    0x08002428   0x000000f8   Code   RO          703    .text               c_w.l(fseek.o)
    0x08002520   0x000000f0   Code   RO          705    .text               c_w.l(stdio.o)
    0x08002610   0x0000000a   Code   RO          707    .text               c_w.l(defsig_exit.o)
    0x0800261a   0x00000002   PAD
    0x0800261c   0x000000ac   Code   RO          709    .text               c_w.l(defsig_fpe_inner.o)
    0x080026c8   0x00000034   Code   RO          711    .text               c_w.l(defsig_rtred_inner.o)
    0x080026fc   0x0000003e   Code   RO          713    .text               c_w.l(strlen.o)
    0x0800273a   0x00000002   PAD
    0x0800273c   0x0000000c   Code   RO          719    .text               c_w.l(sys_exit.o)
    0x08002748   0x0000000e   Code   RO          730    .text               c_w.l(h1_init.o)
    0x08002756   0x00000034   Code   RO          732    .text               c_w.l(h1_extend.o)
    0x0800278a   0x00000042   Code   RO          738    .text               c_w.l(ftell.o)
    0x080027cc   0x00000032   Code   RO          742    .text               c_w.l(defsig_general.o)
    0x080027fe   0x0000000e   Code   RO          744    .text               c_w.l(defsig_rtmem_outer.o)
    0x0800280c   0x0000000e   Code   RO          757    .text               c_w.l(sys_wrch.o)
    0x0800281a   0x00000002   PAD
    0x0800281c   0x00000050   Code   RO          765    .text               c_w.l(defsig_rtmem_inner.o)
    0x0800286c   0x0000003e   Code   RO          464    CL$$btod_d2e        c_w.l(btod.o)
    0x080028aa   0x00000046   Code   RO          466    CL$$btod_d2e_denorm_low  c_w.l(btod.o)
    0x080028f0   0x00000060   Code   RO          465    CL$$btod_d2e_norm_op1  c_w.l(btod.o)
    0x08002950   0x00000338   Code   RO          474    CL$$btod_div_common  c_w.l(btod.o)
    0x08002c88   0x000000c6   Code   RO          471    CL$$btod_e2e        c_w.l(btod.o)
    0x08002d4e   0x00000028   Code   RO          468    CL$$btod_ediv       c_w.l(btod.o)
    0x08002d76   0x00000028   Code   RO          467    CL$$btod_emul       c_w.l(btod.o)
    0x08002d9e   0x00000244   Code   RO          473    CL$$btod_mult_common  c_w.l(btod.o)
    0x08002fe2   0x00000030   Code   RO          505    i.__ARM_fpclassify  m_wm.l(fpclassify.o)
    0x08003012   0x0000007a   Code   RO          373    i.__hardfp_sqrt     m_wm.l(sqrt_full.o)
    0x0800308c   0x0000002c   Code   RO          495    locale$$code        c_w.l(lc_numeric_c.o)
    0x080030b8   0x000002c4   Code   RO          367    x$fpl$d2f           g_wm.l(d2f_clz.o)
    0x0800337c   0x0000001a   Code   RO          403    x$fpl$dfltn         g_wm.l(dflt_clz.o)
    0x08003396   0x00000102   Code   RO          409    x$fpl$dnaninf       g_wm.l(dnaninf.o)
    0x08003498   0x00000070   Code   RO          499    x$fpl$drenorm       g_wm.l(drenorm_clz.o)
    0x08003508   0x0000000c   Code   RO          411    x$fpl$dretinf       g_wm.l(dretinf.o)
    0x08003514   0x00000208   Code   RO          413    x$fpl$dsqrt         g_wm.l(dsqrt_umaalclz.o)
    0x0800371c   0x0000017a   Code   RO          501    x$fpl$dunder        g_wm.l(dunder_clz.o)
    0x08003896   0x00000002   PAD
    0x08003898   0x000001ec   Code   RO          415    x$fpl$exception     g_wm.l(except.o)
    0x08003a84   0x0000007a   Code   RO          369    x$fpl$f2d           g_wm.l(f2d.o)
    0x08003afe   0x000000f2   Code   RO          417    x$fpl$fnaninf       g_wm.l(fnaninf.o)
    0x08003bf0   0x0000000a   Code   RO          717    x$fpl$fpinit        g_wm.l(fpinit.o)
    0x08003bfa   0x0000000a   Code   RO          419    x$fpl$fretinf       g_wm.l(fretinf.o)
    0x08003c04   0x0000013c   Code   RO          421    x$fpl$funder        g_wm.l(funder_clz.o)
    0x08003d40   0x00000020   Code   RO          423    x$fpl$ieeestatus    g_wm.l(istatus.o)
    0x08003d60   0x00000004   Code   RO          371    x$fpl$printf1       g_wm.l(printf1.o)
    0x08003d64   0x000000b2   Code   RO          503    x$fpl$retnan        g_wm.l(retnan.o)
    0x08003e16   0x0000007e   Code   RO          425    x$fpl$trapveneer    g_wm.l(trapv.o)
    0x08003e94   0x00000000   Code   RO          427    x$fpl$usenofp       g_wm.l(usenofp.o)
    0x08003e94   0x00000028   Data   RO          102    .constdata          main.o
    0x08003ebc   0x00000094   Data   RO          462    .constdata          c_w.l(bigflt0.o)
    0x08003f50   0x00000004   Data   RO          508    .constdata          c_w.l(sys_io.o)
    0x08003f54   0x00000004   Data   RO          509    .constdata          c_w.l(sys_io.o)
    0x08003f58   0x00000004   Data   RO          510    .constdata          c_w.l(sys_io.o)
    0x08003f5c   0x00000051   Data   RO          103    .conststring        main.o
    0x08003fad   0x00000003   PAD
    0x08003fb0   0x00000020   Data   RO          788    Region$$Table       anon$$obj.o
    0x08003fd0   0x0000001c   Data   RO          494    locale$$data        c_w.l(lc_numeric_c.o)


    Execution Region RW_IRAM1 (Base: 0x20000000, Size: 0x00000768, Max: 0x00020000, ABSOLUTE)

    Base Addr    Size         Type   Attr      Idx    E Section Name        Object

    0x20000000   0x00000004   Data   RW          398    .data               c_w.l(stdio_streams.o)
    0x20000004   0x00000004   Data   RW          399    .data               c_w.l(stdio_streams.o)
    0x20000008   0x00000004   Data   RW          400    .data               c_w.l(stdio_streams.o)
    0x2000000c   0x00000054   Zero   RW          395    .bss                c_w.l(stdio_streams.o)
    0x20000060   0x00000054   Zero   RW          396    .bss                c_w.l(stdio_streams.o)
    0x200000b4   0x00000054   Zero   RW          397    .bss                c_w.l(stdio_streams.o)
    0x20000108   0x00000060   Zero   RW          513    .bss                c_w.l(libspace.o)
    0x20000168   0x00000200   Zero   RW          134    HEAP                startup_stm32f407xx.o
    0x20000368   0x00000400   Zero   RW          133    STACK               startup_stm32f407xx.o


==============================================================================

Image component sizes


      Code (inc. data)   RO Data    RW Data    ZI Data      Debug   Object Name

        56          4          0          0          0     277907   fput_debug.o
       564          4          0          0          0       3610   kalmanfilter.o
       748        154        121          0          0       1223   main.o
        84         28        392          0       1536        952   startup_stm32f407xx.o

    ----------------------------------------------------------------------
      1452        190        548          0       1536     283692   Object Totals
         0          0         32          0          0          0   (incl. Generated)
         0          0          3          0          0          0   (incl. Padding)

    ----------------------------------------------------------------------

      Code (inc. data)   RO Data    RW Data    ZI Data      Debug   Library Member Name

      1390          6          0          0          0       3611   arm_conv_f32.o
      1420          6          0          0          0       3784   arm_correlate_f32.o
       144          6          0          0          0        915   arm_mean_f32.o
       308          4          0          0          0      14718   arm_std_f32.o
       210          0          0          0          0      17414   arm_sub_f32.o
         8          0          0          0          0         68   __main.o
       104          0          0          0          0         84   __printf.o
         0          0          0          0          0          0   __rtentry.o
        12          0          0          0          0          0   __rtentry2.o
         6          0          0          0          0          0   __rtentry4.o
        52          8          0          0          0          0   __scatter.o
        26          0          0          0          0          0   __scatter_copy.o
        28          0          0          0          0          0   __scatter_zi.o
        18          0          0          0          0         76   _fe_test.o
        48          4          0          0          0         84   _fptrap.o
        48          6          0          0          0         96   _printf_char_common.o
        36          4          0          0          0         80   _printf_char_file.o
         6          0          0          0          0          0   _printf_d.o
       120         16          0          0          0         92   _printf_dec.o
         6          0          0          0          0          0   _printf_f.o
      1050          0          0          0          0        216   _printf_fp_dec.o
       128         16          0          0          0         84   _printf_fp_infnan.o
       178          0          0          0          0         88   _printf_intcommon.o
         0          0          0          0          0          0   _printf_percent.o
         4          0          0          0          0          0   _printf_percent_end.o
        22          0          0          0          0        100   _rserrno.o
       220          4        148          0          0         96   bigflt0.o
      1910        128          0          0          0        672   btod.o
        10          0          0          0          0         68   defsig_exit.o
       172        110          0          0          0         76   defsig_fpe_inner.o
        14          0          0          0          0         80   defsig_fpe_outer.o
        50          0          0          0          0         88   defsig_general.o
        80         58          0          0          0         76   defsig_rtmem_inner.o
        14          0          0          0          0         80   defsig_rtmem_outer.o
        52         38          0          0          0         76   defsig_rtred_inner.o
        14          0          0          0          0         80   defsig_rtred_outer.o
        18          0          0          0          0         80   exit.o
        76          0          0          0          0         88   fclose.o
         8          0          0          0          0         68   ferror.o
       236          4          0          0          0        128   fopen.o
       248          6          0          0          0         84   fseek.o
        66          0          0          0          0         76   ftell.o
        94          0          0          0          0         80   h1_alloc.o
        52          0          0          0          0         68   h1_extend.o
        78          0          0          0          0         80   h1_free.o
        14          0          0          0          0         84   h1_init.o
         6          0          0          0          0        152   heapauxi.o
         4          0          0          0          0        136   hguard.o
         0          0          0          0          0          0   indicate_semi.o
       138          0          0          0          0        168   init_alloc.o
       312         46          0          0          0        112   initio.o
        44         10         28          0          0         76   lc_numeric_c.o
         2          0          0          0          0          0   libinit.o
        34          0          0          0          0          0   libinit2.o
         2          0          0          0          0          0   libshutdown.o
         6          0          0          0          0          0   libshutdown2.o
         8          4          0          0         96         68   libspace.o
       138          0          0          0          0         80   lludiv10.o
         0          0          0          0          0          0   maybetermalloc1.o
        24          4          0          0          0         84   noretval__2printf.o
         8          4          0          0          0         68   rt_errno_addr_intlibspace.o
         8          4          0          0          0         68   rt_heap_descriptor_intlibspace.o
         8          4          0          0          0         68   rt_locale_intlibspace.o
        78          0          0          0          0         80   rt_memclr_w.o
       100          0          0          0          0         80   rt_memcpy_w.o
         2          0          0          0          0          0   rtexit.o
        10          0          0          0          0          0   rtexit2.o
        70          0          0          0          0         80   setvbuf.o
       240          6          0          0          0        156   stdio.o
         0          0          0         12        252          0   stdio_streams.o
       128          0          0          0          0         68   strcmpv7m.o
        62          0          0          0          0         76   strlen.o
        12          4          0          0          0         68   sys_exit.o
       102          0         12          0          0        240   sys_io.o
        74          0          0          0          0         80   sys_stackheap_outer.o
        14          0          0          0          0         76   sys_wrch.o
         2          0          0          0          0         68   use_no_semi.o
       708         16          0          0          0        140   d2f_clz.o
        26          0          0          0          0        116   dflt_clz.o
       258          4          0          0          0        156   dnaninf.o
       112          0          0          0          0        160   drenorm_clz.o
        12          0          0          0          0        116   dretinf.o
       520         56          0          0          0        180   dsqrt_umaalclz.o
       378          0          0          0          0        168   dunder_clz.o
       492         36          0          0          0        148   except.o
       122          8          0          0          0        132   f2d.o
       242          4          0          0          0        144   fnaninf.o
        10          0          0          0          0        116   fpinit.o
        10          0          0          0          0        116   fretinf.o
       316          0          0          0          0        132   funder_clz.o
        32          4          0          0          0        116   istatus.o
         4          0          0          0          0        116   printf1.o
       178          0          0          0          0        116   retnan.o
       126          0          0          0          0        148   trapv.o
         0          0          0          0          0          0   usenofp.o
        48          0          0          0          0        124   fpclassify.o
       122          0          0          0          0        148   sqrt_full.o

    ----------------------------------------------------------------------
     14176        638        188         12        348      48482   Library Totals
        26          0          0          0          0          0   (incl. Padding)

    ----------------------------------------------------------------------

      Code (inc. data)   RO Data    RW Data    ZI Data      Debug   Library Name

      3472         22          0          0          0      40442   arm_cortexM4lf_math.lib
      6962        488        188         12        348       5448   c_w.l
      3546        128          0          0          0       2320   g_wm.l
       170          0          0          0          0        272   m_wm.l

    ----------------------------------------------------------------------
     14176        638        188         12        348      48482   Library Totals

    ----------------------------------------------------------------------

==============================================================================


      Code (inc. data)   RO Data    RW Data    ZI Data      Debug   

     15628        828        736         12       1884     327058   Grand Totals
     15628        828        736         12       1884     327058   ELF Image Totals
     15628        828        736         12          0          0   ROM Totals

==============================================================================

    Total RO  Size (Code + RO Data)                16364 (  15.98kB)
    Total RW  Size (RW Data + ZI Data)              1896 (   1.85kB)
    Total ROM Size (Code + RO Data + RW Data)      16376 (  15.99kB)

==============================================================================

