


ARM Macro Assembler    Page 1 


    1 00000000         ; should verify if all the calculations are like the pse
                       udo-code
    2 00000000         
    3 00000000                 AREA             text, CODE, READONLY
    4 00000000                 EXPORT           kalmanFilter_asm
    5 00000000         kalmanFilter_asm
    6 00000000         ;R0 pointer to input array
    7 00000000         ;R1 pointer to filtered data
    8 00000000         ;R2 array's length
    9 00000000         ;R3 pointer to kalmen filter state
   10 00000000         ;POP {R3}
   11 00000000         ;LDR R7, =instance1
   12 00000000         
   13 00000000         ;initialize R6 at 0
   14 00000000 F04F 0600       MOV              R6, #0      ;counter of input a
                                                            rray element's filt
                                                            ered
   15 00000004         ;adjustment to the stack pointer
   16 00000004         ;SUB SP, SP, #18
   17 00000004         loop
   18 00000004         ;load filter state data
   19 00000004 ED90 0A00       VLDR.f32         S0, [R0]    ;measurement/ initi
                                                            al value
   20 00000008 EDD3 0A00       VLDR.f32         S1, [R3]    ;noise covariance q
                                                            
   21 0000000C ED93 1A01       VLDR.f32         S2, [R3, #4] 
                                                            ;noise covariance r
                                                            
   22 00000010 EDD3 1A02       VLDR.f32         S3, [R3, #8] ;estimated value x
                                                            
   23 00000014 ED93 2A03       VLDR.f32         S4, [R3, #12] ;estimation error
                                                             covariance p
   24 00000018 EDD3 2A04       VLDR.f32         S5, [R3, #16] ;adaptive kalman 
                                                            filter k
   25 0000001C         ; S6 scratch register
   26 0000001C         
   27 0000001C         
   28 0000001C         ;P = P + Q
   29 0000001C EE32 2A20       VADD.f32         S4, S4, S1
   30 00000020         
   31 00000020         ; maybe can optimise
   32 00000020         ;also check if we have to use updated p or initial p
   33 00000020         ;k = p/ (p + r)
   34 00000020 EE32 3A01       VADD.f32         S6, S4, S2
   35 00000024 EEC2 2A03       VDIV.f32         S5, S4, S6
   36 00000028         
   37 00000028         ;x = x + k * (measurement - x)
   38 00000028 EE30 3A61       VSUB.f32         S6, S0, S3
   39 0000002C EE23 3A22       VMUL.f32         S6, S6, S5
   40 00000030 EE71 1A83       VADD.f32         S3, S3, S6  ;simplyfied these t
                                                            wo with one command
                                                            
   41 00000034         ;VLMA.f32 S3, S5, S6 ; multiply and accumulate into x
   42 00000034         
   43 00000034         ;p = (1 - k) * p = p-pk
   44 00000034 EEF7 3A00       VLDR.f32         S7, =1.0
   45 00000038 EE33 3AE2       VSUB.f32         S6, S7, S5
   46 0000003C EE22 2A03       VMUL.f32         S4, S4, S6
   47 00000040         ;VLMS.f32 S4, S4, S5



ARM Macro Assembler    Page 2 


   48 00000040         
   49 00000040         ;store the output
   50 00000040 EDC1 1A00       VSTR.f32         S3, [R1]
   51 00000044 F101 0104       ADD              R1, R1, #4
   52 00000048 F100 0004       ADD              R0, R0, #4
   53 0000004C         
   54 0000004C         ;update counter
   55 0000004C F106 0601       ADD              R6, R6, #1
   56 00000050         
   57 00000050         ;Store the new state variables
   58 00000050 EDC3 0A00       VSTR.f32         S1, [R3]    ;noise covariance q
                                                            
   59 00000054 ED83 1A01       VSTR.f32         S2, [R3, #4] 
                                                            ;noise covariance r
                                                            
   60 00000058 EDC3 1A02       VSTR.f32         S3, [R3, #8] ;estimated value x
                                                            
   61 0000005C ED83 2A03       VSTR.f32         S4, [R3, #12] ;estimation error
                                                             covariance p
   62 00000060 EDC3 2A04       VSTR.f32         S5, [R3, #16] ;adaptive kalman 
                                                            filter k
   63 00000064         
   64 00000064         ;check if all the data has been filtered
   65 00000064 42B2            CMP              R2, R6
   66 00000066 D1CD            BNE              loop
   67 00000068         
   68 00000068         
   69 00000068         
   70 00000068 4770            BX               LR
   71 0000006A                 END
Command Line: --debug --xref --diag_suppress=9931 --cpu=Cortex-M4.fp --apcs=int
erwork --depend=.\objects\kalmanfilter_asm.d -o.\objects\kalmanfilter_asm.o -IC
:\Users\juan-\Documents\University\University6\MicroP\Lab_1_team\microprocessor
-systems\Lab1_STM32F4Cube_Base_project\RTE -IC:\Keil_v5\ARM\PACK\ARM\CMSIS\4.5.
0\CMSIS\Include -IC:\Keil_v5\ARM\PACK\Keil\STM32F4xx_DFP\2.7.0\Drivers\CMSIS\De
vice\ST\STM32F4xx\Include --predefine="__EVAL SETA 1" --predefine="__UVISION_VE
RSION SETA 517" --predefine="_RTE_ SETA 1" --predefine="STM32F407xx SETA 1" --l
ist=.\listings\kalmanfilter_asm.lst kalmanfilter_asm.s



ARM Macro Assembler    Page 1 Alphabetic symbol ordering
Relocatable symbols

kalmanFilter_asm 00000000

Symbol: kalmanFilter_asm
   Definitions
      At line 5 in file kalmanfilter_asm.s
   Uses
      At line 4 in file kalmanfilter_asm.s
Comment: kalmanFilter_asm used once
loop 00000004

Symbol: loop
   Definitions
      At line 17 in file kalmanfilter_asm.s
   Uses
      At line 66 in file kalmanfilter_asm.s
Comment: loop used once
text 00000000

Symbol: text
   Definitions
      At line 3 in file kalmanfilter_asm.s
   Uses
      None
Comment: text unused
3 symbols
338 symbols in table
