


ARM Macro Assembler    Page 1 


    1 00000000                 AREA             text, CODE, READONLY
    2 00000000                 EXPORT           kalmanFilterTestbench
    3 00000000                 IMPORT           kalmanFilter_asm
    4 00000000                 IMPORT           datai
    5 00000000                 IMPORT           datao
    6 00000000         
    7 00000000         kalmanFilterTestbench
    8 00000000         ;input and output data array pointers 
    9 00000000 4810            LDR              R0, =datai
   10 00000002 4911            LDR              R1, =datao
   11 00000004         
   12 00000004         ;input data
   13 00000004 ED9F 0A11       VLDR.f32         S0, =-3.4028235E38
   14 00000008 EDDF 0A11       VLDR.f32         S1, =3.4028235E38
   15 0000000C ED9F 1A0F       VLDR.f32         S2, =-3.4028235E38
   16 00000010 EDDF 1A0F       VLDR.f32         S3, =3.4028235E38
   17 00000014 ED9F 2A0D       VLDR.f32         S4, =-3.4028235E38
   18 00000018 EC80 0A05       VSTM.f32         R0, {S0-S4}
   19 0000001C         
   20 0000001C         
   21 0000001C         ;number of element in the input array
   22 0000001C F04F 0205       MOV              R2, #5
   23 00000020         
   24 00000020         ;VLDR.f32 S0, =0.0 ;k
   25 00000020         ;vpush S0
   26 00000020         ;VLDR.f32 S0, =0.1 ;p
   27 00000020         ;vpush S0
   28 00000020         ;VLDR.f32 S0, =0.0 ;x
   29 00000020         ;vpush S0
   30 00000020         ;VLDR.f32 S0, =0.1 ;r
   31 00000020         ;vpush S0 
   32 00000020         ;VLDR.f32 S0, =0.1 ;q
   33 00000020         ;vpush S0 
   34 00000020                 ALIGN
   35 00000020 ED9F 0A0C       VLDR.f32         S0, =0.1    ;q
   36 00000024 EDDF 0A0B       VLDR.f32         S1, =0.1    ;r
   37 00000028 ED9F 1A0B       VLDR.f32         S2, =0      ;x
   38 0000002C EDDF 1A09       VLDR.f32         S3, =0.1    ;p
   39 00000030 ED9F 2A09       VLDR.f32         S4, =0      ;k
   40 00000034 ED2D 0A06       vpush            {S0,S1,S2,S3,S4,S5}
   41 00000038         
   42 00000038 466B            MOV              R3, SP
   43 0000003A 4675            MOV              R5, LR
   44 0000003C 4C07            LDR              R4, =kalmanFilter_asm
   45 0000003E 47A0            BLX              R4
   46 00000040 46AE            MOV              LR, R5
   47 00000042 4770            BX               LR
   48 00000044                 END
              00000000 
              00000000 
              FF7FFFFF 
              7F7FFFFF 
              3DCCCCCD 
              00000000 
              00000000 
Command Line: --debug --xref --diag_suppress=9931 --cpu=Cortex-M4.fp --apcs=int
erwork --depend=.\objects\kalmanfiltertest.d -o.\objects\kalmanfiltertest.o -IC
:\Users\juan-\Documents\University\University6\MicroP\Lab_1_team\microprocessor
-systems\Lab1_STM32F4Cube_Base_project\RTE -IC:\Keil_v5\ARM\PACK\ARM\CMSIS\4.5.



ARM Macro Assembler    Page 2 


0\CMSIS\Include -IC:\Keil_v5\ARM\PACK\Keil\STM32F4xx_DFP\2.7.0\Drivers\CMSIS\De
vice\ST\STM32F4xx\Include --predefine="__EVAL SETA 1" --predefine="__UVISION_VE
RSION SETA 517" --predefine="_RTE_ SETA 1" --predefine="STM32F407xx SETA 1" --l
ist=.\listings\kalmanfiltertest.lst kalmanFilterTest.s



ARM Macro Assembler    Page 1 Alphabetic symbol ordering
Relocatable symbols

kalmanFilterTestbench 00000000

Symbol: kalmanFilterTestbench
   Definitions
      At line 7 in file kalmanFilterTest.s
   Uses
      At line 2 in file kalmanFilterTest.s
Comment: kalmanFilterTestbench used once
text 00000000

Symbol: text
   Definitions
      At line 1 in file kalmanFilterTest.s
   Uses
      None
Comment: text unused
2 symbols



ARM Macro Assembler    Page 1 Alphabetic symbol ordering
External symbols

datai 00000000

Symbol: datai
   Definitions
      At line 4 in file kalmanFilterTest.s
   Uses
      At line 9 in file kalmanFilterTest.s
Comment: datai used once
datao 00000000

Symbol: datao
   Definitions
      At line 5 in file kalmanFilterTest.s
   Uses
      At line 10 in file kalmanFilterTest.s
Comment: datao used once
kalmanFilter_asm 00000000

Symbol: kalmanFilter_asm
   Definitions
      At line 3 in file kalmanFilterTest.s
   Uses
      At line 44 in file kalmanFilterTest.s
Comment: kalmanFilter_asm used once
3 symbols
342 symbols in table
