


ARM Macro Assembler    Page 1 


    1 00000000                 AREA             text, CODE, READONLY
    2 00000000                 EXPORT           kalmanFilterTestbench
    3 00000000                 IMPORT           kalmanFilter_asm
    4 00000000                 IMPORT           datai
    5 00000000                 IMPORT           datao
    6 00000000         
    7 00000000         kalmanFilterTestbench
    8 00000000         ;input and output data array pointers 
    9 00000000 4821            LDR              R0, =datai
   10 00000002 4922            LDR              R1, =datao
   11 00000004         
   12 00000004         ;input data
   13 00000004 EEBA 0A04       VLDR.f32         S0, =-10.0
   14 00000008 ED80 0A00       VSTR.f32         S0, [R0]
   15 0000000C EEB2 0A04       VLDR.f32         S0, =10.0
   16 00000010 ED80 0A01       VSTR.f32         S0, [R0, #4]
   17 00000014 EEBA 0A04       VLDR.f32         S0, =-10.0
   18 00000018 ED80 0A02       VSTR.f32         S0, [R0, #8]
   19 0000001C EEB2 0A04       VLDR.f32         S0, =10.0
   20 00000020 ED80 0A03       VSTR.f32         S0, [R0, #12]
   21 00000024 EEBA 0A04       VLDR.f32         S0, =-10.0
   22 00000028 ED80 0A04       VSTR.f32         S0, [R0, #16]
   23 0000002C EEB2 0A04       VLDR.f32         S0, =10.0
   24 00000030 ED80 0A05       VSTR.f32         S0, [R0, #20]
   25 00000034 EEBA 0A04       VLDR.f32         S0, =-10.0
   26 00000038 ED80 0A06       VSTR.f32         S0, [R0, #24]
   27 0000003C EEB2 0A04       VLDR.f32         S0, =10.0
   28 00000040 ED80 0A07       VSTR.f32         S0, [R0, #28]
   29 00000044 EEBA 0A04       VLDR.f32         S0, =-10.0
   30 00000048 ED80 0A06       VSTR.f32         S0, [R0, #24]
   31 0000004C EEB2 0A04       VLDR.f32         S0, =10.0
   32 00000050 ED80 0A07       VSTR.f32         S0, [R0, #28]
   33 00000054         
   34 00000054         ;number of element in the input array
   35 00000054 F04F 020A       MOV              R2, #10
   36 00000058         
   37 00000058 ED9F 0A0D       VLDR.f32         S0, =0.0    ;k
   38 0000005C ED2D 0A01       vpush            S0
   39 00000060 ED9F 0A0C       VLDR.f32         S0, =0.1    ;p
   40 00000064 ED2D 0A01       vpush            S0
   41 00000068 ED9F 0A09       VLDR.f32         S0, =0.0    ;x
   42 0000006C ED2D 0A01       vpush            S0
   43 00000070 ED9F 0A08       VLDR.f32         S0, =0.1    ;r
   44 00000074 ED2D 0A01       vpush            S0
   45 00000078 ED9F 0A06       VLDR.f32         S0, =0.1    ;q
   46 0000007C ED2D 0A01       vpush            S0
   47 00000080 466B            MOV              R3, SP
   48 00000082         
   49 00000082 4C05            LDR              R4, =kalmanFilter_asm
   50 00000084 47A0            BLX              R4
   51 00000086         
   52 00000086 4770            BX               LR
   53 00000088                 END
              00000000 
              00000000 
              00000000 
              3DCCCCCD 
              00000000 
Command Line: --debug --xref --diag_suppress=9931 --cpu=Cortex-M4.fp --apcs=int



ARM Macro Assembler    Page 2 


erwork --depend=.\objects\kalmanfiltertest.d -o.\objects\kalmanfiltertest.o -I\
\psf\Home\Documents\workspace\ecse426\git\Lab1_STM32F4Cube_Base_project\RTE -IC
:\Keil_v5\ARM\PACK\ARM\CMSIS\4.5.0\CMSIS\Include -IC:\Keil_v5\ARM\PACK\Keil\STM
32F4xx_DFP\2.7.0\Drivers\CMSIS\Device\ST\STM32F4xx\Include --predefine="__EVAL 
SETA 1" --predefine="__UVISION_VERSION SETA 517" --predefine="_RTE_ SETA 1" --p
redefine="STM32F407xx SETA 1" --list=.\listings\kalmanfiltertest.lst kalmanFilt
erTest.s



ARM Macro Assembler    Page 1 Alphabetic symbol ordering
Relocatable symbols

kalmanFilterTestbench 00000000

Symbol: kalmanFilterTestbench
   Definitions
      At line 7 in file kalmanFilterTest.s
   Uses
      At line 2 in file kalmanFilterTest.s
Comment: kalmanFilterTestbench used once
text 00000000

Symbol: text
   Definitions
      At line 1 in file kalmanFilterTest.s
   Uses
      None
Comment: text unused
2 symbols



ARM Macro Assembler    Page 1 Alphabetic symbol ordering
External symbols

datai 00000000

Symbol: datai
   Definitions
      At line 4 in file kalmanFilterTest.s
   Uses
      At line 9 in file kalmanFilterTest.s
Comment: datai used once
datao 00000000

Symbol: datao
   Definitions
      At line 5 in file kalmanFilterTest.s
   Uses
      At line 10 in file kalmanFilterTest.s
Comment: datao used once
kalmanFilter_asm 00000000

Symbol: kalmanFilter_asm
   Definitions
      At line 3 in file kalmanFilterTest.s
   Uses
      At line 49 in file kalmanFilterTest.s
Comment: kalmanFilter_asm used once
3 symbols
342 symbols in table
