


ARM Macro Assembler    Page 1 


    1 00000000                 AREA             myData, DATA, READWRITE
    2 00000000                 export           myString1
    3 00000000                 export           myString2
    4 00000000         myString1
    5 00000000         myString2
    6 00000000                 END
Command Line: --debug --xref --diag_suppress=9931 --cpu=Cortex-M4.fp --apcs=int
erwork --depend=.\objects\mydata.d -o.\objects\mydata.o -IC:\Users\juan-\Docume
nts\University\University6\MicroP\Lab_1_team\microprocessor-systems\Lab1_STM32F
4Cube_Base_project\RTE -IC:\Keil_v5\ARM\PACK\ARM\CMSIS\4.5.0\CMSIS\Include -IC:
\Keil_v5\ARM\PACK\Keil\STM32F4xx_DFP\2.7.0\Drivers\CMSIS\Device\ST\STM32F4xx\In
clude --predefine="__EVAL SETA 1" --predefine="__UVISION_VERSION SETA 517" --pr
edefine="_RTE_ SETA 1" --predefine="STM32F407xx SETA 1" --list=.\listings\mydat
a.lst myData.s



ARM Macro Assembler    Page 1 Alphabetic symbol ordering
Relocatable symbols

myData 00000000

Symbol: myData
   Definitions
      At line 1 in file myData.s
   Uses
      None
Comment: myData unused
myString1 00000000

Symbol: myString1
   Definitions
      At line 4 in file myData.s
   Uses
      At line 2 in file myData.s
Comment: myString1 used once
myString2 00000000

Symbol: myString2
   Definitions
      At line 5 in file myData.s
   Uses
      At line 3 in file myData.s
Comment: myString2 used once
3 symbols
337 symbols in table
